
 Ansys Mechanical Enterprise Academic Student      


 *------------------------------------------------------------------*
 |                                                                  |
 |   W E L C O M E   T O   T H E   A N S Y S (R)  P R O G R A M     |
 |                                                                  |
 *------------------------------------------------------------------*




 ***************************************************************
 *         ANSYS MAPDL 2026 R1          LEGAL NOTICES          *
 ***************************************************************
 *                                                             *
 * Copyright (c) 2026 Synopsys, Inc. and ANSYS, Inc.           *
 * All rights reserved.                                        *
 * Unauthorized use, distribution or duplication is            *
 * prohibited.                                                 *
 *                                                             *
 * Ansys is a registered trademark of Ansys, Inc. or its       *
 * subsidiaries in the United States or other countries.       *
 * See the Ansys, Inc. online documentation or the Ansys, Inc. *
 * documentation CD or online help for the complete Legal      *
 * Notice.                                                     *
 *                                                             *
 ***************************************************************
 *                                                             *
 * THIS ANSYS SOFTWARE PRODUCT AND PROGRAM DOCUMENTATION       *
 * INCLUDE TRADE SECRETS AND CONFIDENTIAL AND PROPRIETARY      *
 * PRODUCTS OF ANSYS, INC., ITS SUBSIDIARIES, OR LICENSORS.    *
 * The software products and documentation are furnished by    *
 * Ansys, Inc. or its subsidiaries under a software license    *
 * agreement that contains provisions concerning               *
 * non-disclosure, copying, length and nature of use,          *
 * compliance with exporting laws, warranties, disclaimers,    *
 * limitations of liability, and remedies, and other           *
 * provisions.  The software products and documentation may be *
 * used, disclosed, transferred, or copied only in accordance  *
 * with the terms and conditions of that software license      *
 * agreement.                                                  *
 *                                                             *
 * Ansys, Inc. is a UL registered                              *
 * ISO 9001:2015 company.                                      *
 *                                                             *
 ***************************************************************
 *                                                             *
 * This product is subject to U.S. laws governing export and   *
 * re-export.                                                  *
 *                                                             *
 * For U.S. Government users, except as specifically granted   *
 * by the Ansys, Inc. software license agreement, the use,     *
 * duplication, or disclosure by the United States Government  *
 * is subject to restrictions stated in the Ansys, Inc.        *
 * software license agreement and FAR 12.212 (for non-DOD      *
 * licenses).                                                  *
 *                                                             *
 ***************************************************************

 2026 R1 
     
 Point Releases and Patches installed:   
     
 Ansys, Inc. License Manager 2026 R1 
 Discovery (full install) 2026 R1
 Core WB Files 2026 R1   
 optiSLang Core UI 2026 R1   
 CFX (includes CFD-Post) 2026 R1 
 Chemkin 2026 R1 
 EnSight 2026 R1 
 FENSAP-ICE 2026 R1  
 Fluent (includes CFD-Post) 2026 R1  
 Polyflow (includes CFD-Post) 2026 R1
 Forte (includes EnSight) 2026 R1
 Rocky 2026 R1   
 TurboGrid 2026 R1   
 ACIS Geometry Interface 2026 R1 
 AutoCAD Geometry Interface 2026 R1  
 Catia, Version 4 Geometry Interface 2026 R1 
 Catia, Version 5 Geometry Interface 2026 R1 
 Catia, Version 6 Geometry Interface 2026 R1 
 Creo Elements/Direct Modeling Geometry Interface 2026 R1
 Creo Parametric Geometry Interface 2026 R1  
 Inventor Geometry Interface 2026 R1 
 JTOpen Geometry Interface 2026 R1   
 NX Geometry Interface 2026 R1   
 Parasolid Geometry Interface  2026 R1   
 Solid Edge Geometry Interface 2026 R1   
 SOLIDWORKS Geometry Interface 2026 R1   
 Speos 2026 R1   
 SpaceClaim 2026 R1  
 Speos RPC 2026 R1   
 Zemax OpticStudio 2026 R1   
 Dynamic Reporting 2026 R1   
 Aqwa 2026 R1
 Autodyn 2026 R1 
 Material Calibration App 2026 R1
 Mechanical Products 2026 R1 
 Motion 2026 R1  
 Academic Student 2026 R1


          *****  MAPDL COMMAND LINE ARGUMENTS  *****
  BATCH MODE REQUESTED (-b)    = NOLIST
  INPUT FILE COPY MODE (-c)    = COPY
  DISTRIBUTED MEMORY PARALLEL REQUESTED
       4 PARALLEL PROCESSES REQUESTED WITH SINGLE THREAD PER PROCESS
    TOTAL OF     4 CORES REQUESTED
  INPUT FILE NAME              = C:\Users\Srajan\_ProjectScratch\Scr94C5\dummy.dat
  OUTPUT FILE NAME             = C:\Users\Srajan\_ProjectScratch\Scr94C5\solve.out
  START-UP FILE MODE           = NOREAD
  STOP FILE MODE               = NOREAD

 RELEASE= 2026 R1              BUILD= 26.1      UP20260202   VERSION=WINDOWS x64 
 CURRENT JOBNAME=file0  05:15:30  AUG 23, 2026  Elapsed Time=       0.094


 PARAMETER _DS_PROGRESS =     999.0000000    

 /INPUT FILE= ds.dat  LINE=       0



 *** NOTE ***                            ELAPSED TIME =       5.395   TIME= 05:15:30
 The /CONFIG,NOELDB command is not valid in a distributed memory         
 parallel solution.  Command is ignored.                                 

 *GET  _WALLSTRT  FROM  ACTI  ITEM=TIME WALL  VALUE= 0.150599319E-02

 TITLE= 
 sim1--Transient Thermal                                                       

  ACT Extensions:
      LSDYNA, 2026.1
      5f463412-bd3e-484b-87e7-cbc0a665e474, wbex
      ANSYSMotion, 2026.1
      20180725-3f81-49eb-9f31-41364844c769, wbex

 SET PARAMETER DIMENSIONS ON  _WB_PROJECTSCRATCH_DIR
  TYPE=STRI  DIMENSIONS=      248        1        1

 PARAMETER _WB_PROJECTSCRATCH_DIR(1) = C:\Users\Srajan\_ProjectScratch\Scr94C5\

 SET PARAMETER DIMENSIONS ON  _WB_SOLVERFILES_DIR
  TYPE=STRI  DIMENSIONS=      248        1        1

 PARAMETER _WB_SOLVERFILES_DIR(1) = C:\Users\Srajan\sim1_files\dp0\SYS\MECH\

 SET PARAMETER DIMENSIONS ON  _WB_USERFILES_DIR
  TYPE=STRI  DIMENSIONS=      248        1        1

 PARAMETER _WB_USERFILES_DIR(1) = C:\Users\Srajan\sim1_files\user_files\
 --- Data in consistent MKS units. See Solving Units in the help system for more

 MKS UNITS SPECIFIED FOR INTERNAL    
  LENGTH        (l)  = METER (M)
  MASS          (M)  = KILOGRAM (KG)
  TIME          (t)  = SECOND (SEC)
  TEMPERATURE   (T)  = CELSIUS (C)
  TOFFSET            = 273.0
  CHARGE        (Q)  = COULOMB
  FORCE         (f)  = NEWTON (N) (KG-M/SEC2)
  HEAT               = JOULE (N-M)

  PRESSURE           = PASCAL (NEWTON/M**2)
  ENERGY        (W)  = JOULE (N-M)
  POWER         (P)  = WATT (N-M/SEC)
  CURRENT       (i)  = AMPERE (COULOMBS/SEC)
  CAPACITANCE   (C)  = FARAD
  INDUCTANCE    (L)  = HENRY
  MAGNETIC FLUX      = WEBER
  RESISTANCE    (R)  = OHM
  ELECTRIC POTENTIAL = VOLT

 INPUT  UNITS ARE ALSO SET TO MKS 

 *** MAPDL - ENGINEERING ANALYSIS SYSTEM  RELEASE 2026 R1          26.1     ***
 Ansys Mechanical Enterprise Academic Student      
 01055371  VERSION=WINDOWS x64   05:15:30  AUG 23, 2026 Elapsed Time=      5.424

 sim1--Transient Thermal                                                       



          ***** MAPDL ANALYSIS DEFINITION (PREP7) *****
 *********** Send User Defined Coordinate System(s) ***********
 *********** Nodes for the whole assembly ***********
 *********** Elements for Body 1 'SYS\Solid' ***********
 *********** Elements for Body 2 'SYS\Solid' ***********
 *********** Elements for Body 3 'SYS\Solid' ***********
 *********** Send Materials ***********
 *********** Create "Convection" ***********
 ***************** Define Uniform Initial temperature ***************


 ***** ROUTINE COMPLETED *****  ELAPSED TIME =         5.816


 --- Number of total nodes = 85109
 --- Number of contact elements = 6904
 --- Number of spring elements = 0
 --- Number of bearing elements = 0
 --- Number of solid elements = 42531
 --- Number of condensed parts = 0
 --- Number of total elements = 49435

 *GET  _WALLBSOL  FROM  ACTI  ITEM=TIME WALL  VALUE= 0.161827833E-02
 ****************************************************************************
 *************************    SOLUTION       ********************************
 ****************************************************************************

 *****  MAPDL SOLUTION ROUTINE  *****


 PERFORM A TRANSIENT ANALYSIS
  THIS WILL BE A NEW ANALYSIS

 STEP BOUNDARY CONDITION KEY= 1

 CONTACT INFORMATION PRINTOUT LEVEL       1

 CHECK INITIAL OPEN/CLOSED STATUS OF SELECTED CONTACT ELEMENTS
      AND LIST DETAILED CONTACT PAIR INFORMATION

 SPLIT CONTACT SURFACES AT SOLVE PHASE

    NUMBER OF SPLITTING TBD BY PROGRAM

 DO NOT SAVE ANY RESTART FILES AT ALL

 DO NOT COMBINE ELEMENT MATRIX FILES (.emat) AFTER DISTRIBUTED PARALLEL SOLUTION

 DO NOT COMBINE ELEMENT SAVE DATA FILES (.esav) AFTER DISTRIBUTED PARALLEL SOLUTION

 Use Quasi-Linear Thermal Transient Solution
   Tolerance for Reform of Thermal Matrix=     0.050
   ***** Fast Property Table Information *****
    Number of entries per property=    64
    Minimum temperature =      0.00
    Maximum temperature =   1000.00
  Enable multipass algorithm

 *** WARNING ***                         ELAPSED TIME =       5.880   TIME= 05:15:31
 Temperature-dependent properties have not been specified.  The          
 THOPT,QUASI option does not perform equilibrium iterations.  Small      
 time steps may be required to obtain accurate results.                  

 NLHIST: ADDED NODAL RESULTS HISTORY FOR:
       NAME = MAX_TEMP                        
  ITEM/COMP = TEMPMAX 
       NODE =         0

 NLHIST: ADDED NODAL RESULTS HISTORY FOR:
       NAME = MIN_TEMP                        
  ITEM/COMP = TEMPMIN 
       NODE =         0
 ********* Initial Time Increment Check And Fourier Modulus *********
  Specified Initial Time Increment: 10
  Estimated Increment Needed, le*le/alpha, Body 1: 1.31095
  Estimated Increment Needed, le*le/alpha, Body 2: 0.650434
  Estimated Increment Needed, le*le/alpha, Body 3: 0.172273
 ****************************************************
 ******************* SOLVE FOR LS 1 OF 1 ****************

 SELECT       FOR ITEM=TYPE COMPONENT=    
  IN RANGE         4 TO          4 STEP          1

       6904  ELEMENTS (OF      49435  DEFINED) SELECTED BY  ESEL  COMMAND.

 SELECT      ALL NODES HAVING ANY ELEMENT IN ELEMENT SET.

      13977 NODES (OF      85109  DEFINED) SELECTED FROM
     6904 SELECTED ELEMENTS BY NSLE COMMAND.

 GENERATE SURFACE LOAD CONV ON SURFACE DEFINED BY ALL SELECTED NODES
 VALUES=  12.0000000    _LOADVARI51

 NUMBER OF CONV ELEMENT FACE LOADS STORED =       6904

 ALL SELECT   FOR ITEM=NODE COMPONENT=    
  IN RANGE         1 TO      85109 STEP          1

      85109  NODES (OF      85109  DEFINED) SELECTED BY NSEL  COMMAND.

 ALL SELECT   FOR ITEM=ELEM COMPONENT=    
  IN RANGE         1 TO      76777 STEP          1

      49435  ELEMENTS (OF      49435  DEFINED) SELECTED BY  ESEL  COMMAND.

 PRINTOUT RESUMED BY /GOP

 USE AUTOMATIC TIME STEPPING THIS LOAD STEP

 USE INITIAL TIME STEP SIZE OF  10.00000     FOR ALL  DEGREES OF FREEDOM
 FOR AUTOMATIC TIME STEPPING:
   USE  1.000000     AS THE MINIMUM TIME STEP SIZE
   USE  60.00000     AS THE MAXIMUM TIME STEP SIZE

 TIME=  14400.    

 INCLUDE TRANSIENT EFFECTS FOR  ALL DEGREES OF FREEDOM THIS LOAD STEP

 ERASE THE CURRENT DATABASE OUTPUT CONTROL TABLE.


 WRITE ALL  ITEMS TO THE DATABASE WITH A FREQUENCY OF NONE
   FOR ALL APPLICABLE ENTITIES

 WRITE NSOL ITEMS TO THE DATABASE WITH A FREQUENCY OF ALL 
   FOR ALL APPLICABLE ENTITIES

 WRITE RSOL ITEMS TO THE DATABASE WITH A FREQUENCY OF ALL 
   FOR ALL APPLICABLE ENTITIES

 WRITE EANG ITEMS TO THE DATABASE WITH A FREQUENCY OF ALL 
   FOR ALL APPLICABLE ENTITIES

 WRITE VENG ITEMS TO THE DATABASE WITH A FREQUENCY OF ALL 
   FOR ALL APPLICABLE ENTITIES

 WRITE FFLU ITEMS TO THE DATABASE WITH A FREQUENCY OF ALL 
   FOR ALL APPLICABLE ENTITIES

 WRITE CONT ITEMS TO THE DATABASE WITH A FREQUENCY OF ALL 
   FOR ALL APPLICABLE ENTITIES

 PRINTOUT RESUMED BY /GOP

 WRITE MISC ITEMS TO THE DATABASE WITH A FREQUENCY OF ALL 
   FOR THE ENTITIES DEFINED BY COMPONENT _ELMISC 

 CONVERGENCE ON HEAT BASED ON THE NORM OF THE N-R LOAD
   WITH A TOLERANCE OF 0.1000E-02 AND A MINIMUM REFERENCE VALUE OF 0.1000E-05
   USING THE L2 NORM (CHECK THE SRSS VALUE)

 *GET  ANSINTER_  FROM  ACTI  ITEM=INT        VALUE=  0.00000000    

 *IF  ANSINTER_  ( =   0.00000     )  NE  
      0  ( =   0.00000     )  THEN    

 *ENDIF

 *** NOTE ***                            ELAPSED TIME =       5.971   TIME= 05:15:31
 The automatic domain decomposition logic has selected the MESH domain   
 decomposition method with 4 processes per solution.                     

 *****  MAPDL SOLVE    COMMAND  *****

 *** WARNING ***                         ELAPSED TIME =       6.053   TIME= 05:15:31
 Element shape checking is currently inactive.  Issue SHPP,ON or         
 SHPP,WARN to reactivate, if desired.                                    

 *** NOTE ***                            ELAPSED TIME =       6.100   TIME= 05:15:31
 The model data was checked and warning messages were found.             
  Please review output or errors file (                                  
 C:\Users\Srajan\_ProjectScratch\Scr94C5\file0.err ) for these warning   
 messages.                                                               

 *** MAPDL - ENGINEERING ANALYSIS SYSTEM  RELEASE 2026 R1          26.1     ***
 Ansys Mechanical Enterprise Academic Student      
 01055371  VERSION=WINDOWS x64   05:15:31  AUG 23, 2026 Elapsed Time=      6.108

 sim1--Transient Thermal                                                       



                       S O L U T I O N   O P T I O N S

   PROBLEM DIMENSIONALITY. . . . . . . . . . . . .3-D                  
   DEGREES OF FREEDOM. . . . . . TEMP
   ANALYSIS TYPE . . . . . . . . . . . . . . . . .TRANSIENT            
      SOLUTION METHOD. . . . . . . . . . . . . . .QUASI                
   OFFSET TEMPERATURE FROM ABSOLUTE ZERO . . . . .  273.15    
   GLOBALLY ASSEMBLED MATRIX . . . . . . . . . . .SYMMETRIC  

 *** WARNING ***                         ELAPSED TIME =       6.134   TIME= 05:15:31
 Material number 4 (used by element 69874) should normally have at least 
 one MP or one TB type command associated with it.  Output of energy by  
 material may not be available.                                          

 *** NOTE ***                            ELAPSED TIME =       6.213   TIME= 05:15:31
 The step data was checked and warning messages were found.              
  Please review output or errors file (                                  
 C:\Users\Srajan\_ProjectScratch\Scr94C5\file0.err ) for these warning   
 messages.                                                               

 *** NOTE ***                            ELAPSED TIME =       6.213   TIME= 05:15:31
 The conditions for direct assembly have been met.  No .emat or .erot    
 files will be produced.                                                 

  
  
     D I S T R I B U T E D   D O M A I N   D E C O M P O S E R
  
  ...Number of elements: 49435
  ...Number of nodes:    85109
  ...Decompose to 4 CPU domains
  ...Element load balance ratio =     1.134


                      L O A D   S T E P   O P T I O N S

   LOAD STEP NUMBER. . . . . . . . . . . . . . . .     1
   TIME AT END OF THE LOAD STEP. . . . . . . . . .  14400.    
   AUTOMATIC TIME STEPPING . . . . . . . . . . . .    ON
      STARTING TIME STEP SIZE. . . . . . . . . . .  10.000    
      MINIMUM TIME STEP SIZE . . . . . . . . . . .  1.0000    
      MAXIMUM TIME STEP SIZE . . . . . . . . . . .  60.000    
   STEP CHANGE BOUNDARY CONDITIONS . . . . . . . .   YES
   TRANSIENT (INERTIA) EFFECTS
      THERMAL DOFS . . . . . . . . . . . . . . . .    ON
   TRANSIENT INTEGRATION PARAMETERS
      THETA. . . . . . . . . . . . . . . . . . . .  1.0000    
      OSCILLATION LIMIT CRITERION. . . . . . . . . 0.50000    
      TOLERANCE. . . . . . . . . . . . . . . . . .  0.0000    
   PRINT OUTPUT CONTROLS . . . . . . . . . . . . .NO PRINTOUT
   DATABASE OUTPUT CONTROLS
      ITEM     FREQUENCY   COMPONENT
       ALL       NONE               
      NSOL        ALL               
      RSOL        ALL               
      EANG        ALL               
      VENG        ALL               
      FFLU        ALL               
      CONT        ALL               
      MISC        ALL       _ELMISC 


 SOLUTION MONITORING INFO IS WRITTEN TO FILE= file.mntr                                                                                                                                                                                                                                                           




            **** CENTER OF MASS, MASS, AND MASS MOMENTS OF INERTIA ****

  CALCULATIONS ASSUME ELEMENT MASS AT ELEMENT CENTROID

  TOTAL MASS =   37.064    

                           MOM. OF INERTIA         MOM. OF INERTIA
  CENTER OF MASS            ABOUT ORIGIN        ABOUT CENTER OF MASS

  XC =  0.21128          IXX =    3.848          IXX =   0.8991    
  YC =  0.10464          IYY =    5.488          IYY =    1.290    
  ZC = -0.26193          IZZ =    2.742          IZZ =   0.6815    
                         IXY =  -0.8088          IXY =   0.1059E-01
                         IYZ =    1.002          IYZ =  -0.1369E-01
                         IZX =    2.051          IZX =   0.3758E-03


  *** MASS SUMMARY BY ELEMENT TYPE ***

  TYPE      MASS
     1   36.9372    
     2  0.115866    
     3  0.110890E-01

 Range of element maximum matrix coefficients in global coordinates
 Maximum = 6.64845213 at element 38728.                                  
 Minimum = 1.054348379E-04 at element 75813.                             

   *** ELEMENT MATRIX FORMULATION TIMES
     TYPE    NUMBER     ENAME   TOTAL ELAPSED   AVG ELAPSED

        1     41891  SOLID291          0.7590   0.000018118
        2       376  SOLID291          0.0081   0.000021522
        3       264  SOLID279          0.0143   0.000054117
        4      6904   SURF152          0.1033   0.000014959
 Elapsed Time at end of element matrix formulation = 7.1249894.          

 DISTRIBUTED SPARSE MATRIX DIRECT SOLVER.
  Number of equations =       85109,    Maximum wavefront =     61


  Memory allocated on only this MPI rank (rank     0)
  -------------------------------------------------------------------
  Equation solver memory allocated                     =    43.028 MB
  Equation solver memory required for in-core mode     =    41.318 MB
  Equation solver memory required for out-of-core mode =    20.866 MB
  Total (solver and non-solver) memory allocated       =   775.966 MB


  Total memory summed across all MPI ranks on this machines
  -------------------------------------------------------------------
  Equation solver memory allocated                     =   179.123 MB
  Equation solver memory required for in-core mode     =   171.967 MB
  Equation solver memory required for out-of-core mode =    85.019 MB
  Total (solver and non-solver) memory allocated       =  1804.935 MB

 *** NOTE ***                            ELAPSED TIME =       7.814   TIME= 05:15:33
 The Distributed Sparse Matrix Solver is currently running in the        
 in-core memory mode.  This memory mode uses the most amount of memory   
 in order to avoid using the hard drive as much as possible, which most  
 often results in the fastest solution time.  This mode is recommended   
 if enough physical memory is present to accommodate all of the solver   
 data.                                                                   
 Distributed sparse solver maximum pivot= 17.7526067 at node 72415 TEMP. 
 Distributed sparse solver minimum pivot= 5.086825939E-02 at node 82889  
 TEMP.                                                                   
 Distributed sparse solver minimum pivot in absolute value=              
 5.086825939E-02 at node 82889 TEMP.                                     

   *** ELEMENT RESULT CALCULATION TIMES
     TYPE    NUMBER     ENAME   TOTAL ELAPSED   AVG ELAPSED

        1     41891  SOLID291          0.7721   0.000018431
        2       376  SOLID291          0.0060   0.000015968
        3       264  SOLID279          0.0081   0.000030527
        4      6904   SURF152          0.0885   0.000012817

   *** NODAL LOAD CALCULATION TIMES
     TYPE    NUMBER     ENAME   TOTAL ELAPSED   AVG ELAPSED

        1     41891  SOLID291          0.4033   0.000009628
        2       376  SOLID291          0.0031   0.000008337
        3       264  SOLID279          0.0023   0.000008900
        4      6904   SURF152          0.0109   0.000001578
 *** LOAD STEP     1   SUBSTEP     1  COMPLETED.    CUM ITER =      1
 *** TIME =   10.0000         TIME INC =   10.0000      NEW TRIANG MATRIX
 *** RESPONSE EIGENVALUE = 0.2303E-02   OSCILLATION LIMIT = 0.2303E-01
 *** AUTO STEP TIME:  NEXT TIME INC =  10.000      UNCHANGED

 *** LOAD STEP     1   SUBSTEP     2  COMPLETED.    CUM ITER =      2
 *** TIME =   20.0000         TIME INC =   10.0000      NEW TRIANG MATRIX
 *** RESPONSE EIGENVALUE = 0.6255E-03   OSCILLATION LIMIT = 0.6255E-02
 *** AUTO TIME STEP:  NEXT TIME INC =  30.000      INCREASED (FACTOR = 3.0000)

 *** LOAD STEP     1   SUBSTEP     3  COMPLETED.    CUM ITER =      3
 *** TIME =   50.0000         TIME INC =   30.0000      NEW TRIANG MATRIX
 *** RESPONSE EIGENVALUE = 0.3743E-03   OSCILLATION LIMIT = 0.1123E-01
 *** AUTO TIME STEP:  NEXT TIME INC =  60.000      INCREASED (FACTOR = 2.0000)

 *** LOAD STEP     1   SUBSTEP     4  COMPLETED.    CUM ITER =      4
 *** TIME =   110.000         TIME INC =   60.0000      NEW TRIANG MATRIX
 *** RESPONSE EIGENVALUE = 0.2510E-03   OSCILLATION LIMIT = 0.1506E-01
 *** AUTO STEP TIME:  NEXT TIME INC =  60.000      UNCHANGED

 *** LOAD STEP     1   SUBSTEP     5  COMPLETED.    CUM ITER =      5
 *** TIME =   170.000         TIME INC =   60.0000      NEW TRIANG MATRIX
 *** RESPONSE EIGENVALUE = 0.2003E-03   OSCILLATION LIMIT = 0.1202E-01
 *** AUTO STEP TIME:  NEXT TIME INC =  60.000      UNCHANGED

 *** LOAD STEP     1   SUBSTEP     6  COMPLETED.    CUM ITER =      6
 *** TIME =   230.000         TIME INC =   60.0000      NEW TRIANG MATRIX
 *** RESPONSE EIGENVALUE = 0.1716E-03   OSCILLATION LIMIT = 0.1029E-01
 *** AUTO STEP TIME:  NEXT TIME INC =  60.000      UNCHANGED

 *** LOAD STEP     1   SUBSTEP     7  COMPLETED.    CUM ITER =      7
 *** TIME =   290.000         TIME INC =   60.0000      NEW TRIANG MATRIX
 *** RESPONSE EIGENVALUE = 0.1522E-03   OSCILLATION LIMIT = 0.9134E-02
 *** AUTO STEP TIME:  NEXT TIME INC =  60.000      UNCHANGED

 *** LOAD STEP     1   SUBSTEP     8  COMPLETED.    CUM ITER =      8
 *** TIME =   350.000         TIME INC =   60.0000      NEW TRIANG MATRIX
 *** RESPONSE EIGENVALUE = 0.1378E-03   OSCILLATION LIMIT = 0.8269E-02
 *** AUTO STEP TIME:  NEXT TIME INC =  60.000      UNCHANGED

 *** LOAD STEP     1   SUBSTEP     9  COMPLETED.    CUM ITER =      9
 *** TIME =   410.000         TIME INC =   60.0000      NEW TRIANG MATRIX
 *** RESPONSE EIGENVALUE = 0.1263E-03   OSCILLATION LIMIT = 0.7580E-02
 *** AUTO STEP TIME:  NEXT TIME INC =  60.000      UNCHANGED

 *** LOAD STEP     1   SUBSTEP    10  COMPLETED.    CUM ITER =     10
 *** TIME =   470.000         TIME INC =   60.0000      NEW TRIANG MATRIX
 *** RESPONSE EIGENVALUE = 0.1167E-03   OSCILLATION LIMIT = 0.7004E-02
 *** AUTO STEP TIME:  NEXT TIME INC =  60.000      UNCHANGED

 *** LOAD STEP     1   SUBSTEP    11  COMPLETED.    CUM ITER =     11
 *** TIME =   530.000         TIME INC =   60.0000      NEW TRIANG MATRIX
 *** RESPONSE EIGENVALUE = 0.1085E-03   OSCILLATION LIMIT = 0.6508E-02
 *** AUTO STEP TIME:  NEXT TIME INC =  60.000      UNCHANGED

 *** LOAD STEP     1   SUBSTEP    12  COMPLETED.    CUM ITER =     12
 *** TIME =   590.000         TIME INC =   60.0000      NEW TRIANG MATRIX
 *** RESPONSE EIGENVALUE = 0.1012E-03   OSCILLATION LIMIT = 0.6070E-02
 *** AUTO STEP TIME:  NEXT TIME INC =  60.000      UNCHANGED

 *** LOAD STEP     1   SUBSTEP    13  COMPLETED.    CUM ITER =     13
 *** TIME =   650.000         TIME INC =   60.0000      NEW TRIANG MATRIX
 *** RESPONSE EIGENVALUE = 0.9463E-04   OSCILLATION LIMIT = 0.5678E-02
 *** AUTO STEP TIME:  NEXT TIME INC =  60.000      UNCHANGED

 *** LOAD STEP     1   SUBSTEP    14  COMPLETED.    CUM ITER =     14
 *** TIME =   710.000         TIME INC =   60.0000      NEW TRIANG MATRIX
 *** RESPONSE EIGENVALUE = 0.8872E-04   OSCILLATION LIMIT = 0.5323E-02
 *** AUTO STEP TIME:  NEXT TIME INC =  60.000      UNCHANGED

 *** LOAD STEP     1   SUBSTEP    15  COMPLETED.    CUM ITER =     15
 *** TIME =   770.000         TIME INC =   60.0000      NEW TRIANG MATRIX
 *** RESPONSE EIGENVALUE = 0.8337E-04   OSCILLATION LIMIT = 0.5002E-02
 *** AUTO STEP TIME:  NEXT TIME INC =  60.000      UNCHANGED

 *** LOAD STEP     1   SUBSTEP    16  COMPLETED.    CUM ITER =     16
 *** TIME =   830.000         TIME INC =   60.0000      NEW TRIANG MATRIX
 *** RESPONSE EIGENVALUE = 0.7850E-04   OSCILLATION LIMIT = 0.4710E-02
 *** AUTO STEP TIME:  NEXT TIME INC =  60.000      UNCHANGED

 *** LOAD STEP     1   SUBSTEP    17  COMPLETED.    CUM ITER =     17
 *** TIME =   890.000         TIME INC =   60.0000      NEW TRIANG MATRIX
 *** RESPONSE EIGENVALUE = 0.7408E-04   OSCILLATION LIMIT = 0.4445E-02
 *** AUTO STEP TIME:  NEXT TIME INC =  60.000      UNCHANGED

 *** LOAD STEP     1   SUBSTEP    18  COMPLETED.    CUM ITER =     18
 *** TIME =   950.000         TIME INC =   60.0000      NEW TRIANG MATRIX
 *** RESPONSE EIGENVALUE = 0.7007E-04   OSCILLATION LIMIT = 0.4204E-02
 *** AUTO STEP TIME:  NEXT TIME INC =  60.000      UNCHANGED

 *** LOAD STEP     1   SUBSTEP    19  COMPLETED.    CUM ITER =     19
 *** TIME =   1010.00         TIME INC =   60.0000      NEW TRIANG MATRIX
 *** RESPONSE EIGENVALUE = 0.6644E-04   OSCILLATION LIMIT = 0.3987E-02
 *** AUTO STEP TIME:  NEXT TIME INC =  60.000      UNCHANGED

 *** LOAD STEP     1   SUBSTEP    20  COMPLETED.    CUM ITER =     20
 *** TIME =   1070.00         TIME INC =   60.0000      NEW TRIANG MATRIX
 *** RESPONSE EIGENVALUE = 0.6317E-04   OSCILLATION LIMIT = 0.3790E-02
 *** AUTO STEP TIME:  NEXT TIME INC =  60.000      UNCHANGED

 *** LOAD STEP     1   SUBSTEP    21  COMPLETED.    CUM ITER =     21
 *** TIME =   1130.00         TIME INC =   60.0000      NEW TRIANG MATRIX
 *** RESPONSE EIGENVALUE = 0.6023E-04   OSCILLATION LIMIT = 0.3614E-02
 *** AUTO STEP TIME:  NEXT TIME INC =  60.000      UNCHANGED

 *** LOAD STEP     1   SUBSTEP    22  COMPLETED.    CUM ITER =     22
 *** TIME =   1190.00         TIME INC =   60.0000      NEW TRIANG MATRIX
 *** RESPONSE EIGENVALUE = 0.5760E-04   OSCILLATION LIMIT = 0.3456E-02
 *** AUTO STEP TIME:  NEXT TIME INC =  60.000      UNCHANGED

 *** LOAD STEP     1   SUBSTEP    23  COMPLETED.    CUM ITER =     23
 *** TIME =   1250.00         TIME INC =   60.0000      NEW TRIANG MATRIX
 *** RESPONSE EIGENVALUE = 0.5525E-04   OSCILLATION LIMIT = 0.3315E-02
 *** AUTO STEP TIME:  NEXT TIME INC =  60.000      UNCHANGED

 *** LOAD STEP     1   SUBSTEP    24  COMPLETED.    CUM ITER =     24
 *** TIME =   1310.00         TIME INC =   60.0000      NEW TRIANG MATRIX
 *** RESPONSE EIGENVALUE = 0.5315E-04   OSCILLATION LIMIT = 0.3189E-02
 *** AUTO STEP TIME:  NEXT TIME INC =  60.000      UNCHANGED

 *** LOAD STEP     1   SUBSTEP    25  COMPLETED.    CUM ITER =     25
 *** TIME =   1370.00         TIME INC =   60.0000      NEW TRIANG MATRIX
 *** RESPONSE EIGENVALUE = 0.5129E-04   OSCILLATION LIMIT = 0.3077E-02
 *** AUTO STEP TIME:  NEXT TIME INC =  60.000      UNCHANGED

 *** LOAD STEP     1   SUBSTEP    26  COMPLETED.    CUM ITER =     26
 *** TIME =   1430.00         TIME INC =   60.0000      NEW TRIANG MATRIX
 *** RESPONSE EIGENVALUE = 0.4963E-04   OSCILLATION LIMIT = 0.2978E-02
 *** AUTO STEP TIME:  NEXT TIME INC =  60.000      UNCHANGED

 *** LOAD STEP     1   SUBSTEP    27  COMPLETED.    CUM ITER =     27
 *** TIME =   1490.00         TIME INC =   60.0000      NEW TRIANG MATRIX
 *** RESPONSE EIGENVALUE = 0.4815E-04   OSCILLATION LIMIT = 0.2889E-02
 *** AUTO STEP TIME:  NEXT TIME INC =  60.000      UNCHANGED

 *** LOAD STEP     1   SUBSTEP    28  COMPLETED.    CUM ITER =     28
 *** TIME =   1550.00         TIME INC =   60.0000      NEW TRIANG MATRIX
 *** RESPONSE EIGENVALUE = 0.4684E-04   OSCILLATION LIMIT = 0.2810E-02
 *** AUTO STEP TIME:  NEXT TIME INC =  60.000      UNCHANGED

 *** LOAD STEP     1   SUBSTEP    29  COMPLETED.    CUM ITER =     29
 *** TIME =   1610.00         TIME INC =   60.0000      NEW TRIANG MATRIX
 *** RESPONSE EIGENVALUE = 0.4567E-04   OSCILLATION LIMIT = 0.2740E-02
 *** AUTO STEP TIME:  NEXT TIME INC =  60.000      UNCHANGED

 *** LOAD STEP     1   SUBSTEP    30  COMPLETED.    CUM ITER =     30
 *** TIME =   1670.00         TIME INC =   60.0000      NEW TRIANG MATRIX
 *** RESPONSE EIGENVALUE = 0.4463E-04   OSCILLATION LIMIT = 0.2678E-02
 *** AUTO STEP TIME:  NEXT TIME INC =  60.000      UNCHANGED

 *** LOAD STEP     1   SUBSTEP    31  COMPLETED.    CUM ITER =     31
 *** TIME =   1730.00         TIME INC =   60.0000      NEW TRIANG MATRIX
 *** RESPONSE EIGENVALUE = 0.4370E-04   OSCILLATION LIMIT = 0.2622E-02
 *** AUTO STEP TIME:  NEXT TIME INC =  60.000      UNCHANGED

 *** LOAD STEP     1   SUBSTEP    32  COMPLETED.    CUM ITER =     32
 *** TIME =   1790.00         TIME INC =   60.0000      NEW TRIANG MATRIX
 *** RESPONSE EIGENVALUE = 0.4286E-04   OSCILLATION LIMIT = 0.2572E-02
 *** AUTO STEP TIME:  NEXT TIME INC =  60.000      UNCHANGED

 *** LOAD STEP     1   SUBSTEP    33  COMPLETED.    CUM ITER =     33
 *** TIME =   1850.00         TIME INC =   60.0000      NEW TRIANG MATRIX
 *** RESPONSE EIGENVALUE = 0.4210E-04   OSCILLATION LIMIT = 0.2526E-02
 *** AUTO STEP TIME:  NEXT TIME INC =  60.000      UNCHANGED

 *** LOAD STEP     1   SUBSTEP    34  COMPLETED.    CUM ITER =     34
 *** TIME =   1910.00         TIME INC =   60.0000      NEW TRIANG MATRIX
 *** RESPONSE EIGENVALUE = 0.4142E-04   OSCILLATION LIMIT = 0.2485E-02
 *** AUTO STEP TIME:  NEXT TIME INC =  60.000      UNCHANGED

 *** LOAD STEP     1   SUBSTEP    35  COMPLETED.    CUM ITER =     35
 *** TIME =   1970.00         TIME INC =   60.0000      NEW TRIANG MATRIX
 *** RESPONSE EIGENVALUE = 0.4079E-04   OSCILLATION LIMIT = 0.2447E-02
 *** AUTO STEP TIME:  NEXT TIME INC =  60.000      UNCHANGED

 *** LOAD STEP     1   SUBSTEP    36  COMPLETED.    CUM ITER =     36
 *** TIME =   2030.00         TIME INC =   60.0000      NEW TRIANG MATRIX
 *** RESPONSE EIGENVALUE = 0.4021E-04   OSCILLATION LIMIT = 0.2413E-02
 *** AUTO STEP TIME:  NEXT TIME INC =  60.000      UNCHANGED

 *** LOAD STEP     1   SUBSTEP    37  COMPLETED.    CUM ITER =     37
 *** TIME =   2090.00         TIME INC =   60.0000      NEW TRIANG MATRIX
 *** RESPONSE EIGENVALUE = 0.3968E-04   OSCILLATION LIMIT = 0.2381E-02
 *** AUTO STEP TIME:  NEXT TIME INC =  60.000      UNCHANGED

 *** LOAD STEP     1   SUBSTEP    38  COMPLETED.    CUM ITER =     38
 *** TIME =   2150.00         TIME INC =   60.0000      NEW TRIANG MATRIX
 *** RESPONSE EIGENVALUE = 0.3919E-04   OSCILLATION LIMIT = 0.2351E-02
 *** AUTO STEP TIME:  NEXT TIME INC =  60.000      UNCHANGED

 *** LOAD STEP     1   SUBSTEP    39  COMPLETED.    CUM ITER =     39
 *** TIME =   2210.00         TIME INC =   60.0000      NEW TRIANG MATRIX
 *** RESPONSE EIGENVALUE = 0.3872E-04   OSCILLATION LIMIT = 0.2323E-02
 *** AUTO STEP TIME:  NEXT TIME INC =  60.000      UNCHANGED

 *** LOAD STEP     1   SUBSTEP    40  COMPLETED.    CUM ITER =     40
 *** TIME =   2270.00         TIME INC =   60.0000      NEW TRIANG MATRIX
 *** RESPONSE EIGENVALUE = 0.3829E-04   OSCILLATION LIMIT = 0.2297E-02
 *** AUTO STEP TIME:  NEXT TIME INC =  60.000      UNCHANGED

 *** LOAD STEP     1   SUBSTEP    41  COMPLETED.    CUM ITER =     41
 *** TIME =   2330.00         TIME INC =   60.0000      NEW TRIANG MATRIX
 *** RESPONSE EIGENVALUE = 0.3788E-04   OSCILLATION LIMIT = 0.2273E-02
 *** AUTO STEP TIME:  NEXT TIME INC =  60.000      UNCHANGED

 *** LOAD STEP     1   SUBSTEP    42  COMPLETED.    CUM ITER =     42
 *** TIME =   2390.00         TIME INC =   60.0000      NEW TRIANG MATRIX
 *** RESPONSE EIGENVALUE = 0.3748E-04   OSCILLATION LIMIT = 0.2249E-02
 *** AUTO STEP TIME:  NEXT TIME INC =  60.000      UNCHANGED

 *** LOAD STEP     1   SUBSTEP    43  COMPLETED.    CUM ITER =     43
 *** TIME =   2450.00         TIME INC =   60.0000      NEW TRIANG MATRIX
 *** RESPONSE EIGENVALUE = 0.3711E-04   OSCILLATION LIMIT = 0.2226E-02
 *** AUTO STEP TIME:  NEXT TIME INC =  60.000      UNCHANGED

 *** LOAD STEP     1   SUBSTEP    44  COMPLETED.    CUM ITER =     44
 *** TIME =   2510.00         TIME INC =   60.0000      NEW TRIANG MATRIX
 *** RESPONSE EIGENVALUE = 0.3674E-04   OSCILLATION LIMIT = 0.2205E-02
 *** AUTO STEP TIME:  NEXT TIME INC =  60.000      UNCHANGED

 *** LOAD STEP     1   SUBSTEP    45  COMPLETED.    CUM ITER =     45
 *** TIME =   2570.00         TIME INC =   60.0000      NEW TRIANG MATRIX
 *** RESPONSE EIGENVALUE = 0.3639E-04   OSCILLATION LIMIT = 0.2184E-02
 *** AUTO STEP TIME:  NEXT TIME INC =  60.000      UNCHANGED

 *** LOAD STEP     1   SUBSTEP    46  COMPLETED.    CUM ITER =     46
 *** TIME =   2630.00         TIME INC =   60.0000      NEW TRIANG MATRIX
 *** RESPONSE EIGENVALUE = 0.3606E-04   OSCILLATION LIMIT = 0.2163E-02
 *** AUTO STEP TIME:  NEXT TIME INC =  60.000      UNCHANGED

 *** LOAD STEP     1   SUBSTEP    47  COMPLETED.    CUM ITER =     47
 *** TIME =   2690.00         TIME INC =   60.0000      NEW TRIANG MATRIX
 *** RESPONSE EIGENVALUE = 0.3573E-04   OSCILLATION LIMIT = 0.2144E-02
 *** AUTO STEP TIME:  NEXT TIME INC =  60.000      UNCHANGED

 *** LOAD STEP     1   SUBSTEP    48  COMPLETED.    CUM ITER =     48
 *** TIME =   2750.00         TIME INC =   60.0000      NEW TRIANG MATRIX
 *** RESPONSE EIGENVALUE = 0.3541E-04   OSCILLATION LIMIT = 0.2124E-02
 *** AUTO STEP TIME:  NEXT TIME INC =  60.000      UNCHANGED

 *** LOAD STEP     1   SUBSTEP    49  COMPLETED.    CUM ITER =     49
 *** TIME =   2810.00         TIME INC =   60.0000      NEW TRIANG MATRIX
 *** RESPONSE EIGENVALUE = 0.3509E-04   OSCILLATION LIMIT = 0.2106E-02
 *** AUTO STEP TIME:  NEXT TIME INC =  60.000      UNCHANGED

 *** LOAD STEP     1   SUBSTEP    50  COMPLETED.    CUM ITER =     50
 *** TIME =   2870.00         TIME INC =   60.0000      NEW TRIANG MATRIX
 *** RESPONSE EIGENVALUE = 0.3479E-04   OSCILLATION LIMIT = 0.2087E-02
 *** AUTO STEP TIME:  NEXT TIME INC =  60.000      UNCHANGED

 *** LOAD STEP     1   SUBSTEP    51  COMPLETED.    CUM ITER =     51
 *** TIME =   2930.00         TIME INC =   60.0000      NEW TRIANG MATRIX
 *** RESPONSE EIGENVALUE = 0.3449E-04   OSCILLATION LIMIT = 0.2069E-02
 *** AUTO STEP TIME:  NEXT TIME INC =  60.000      UNCHANGED

 *** LOAD STEP     1   SUBSTEP    52  COMPLETED.    CUM ITER =     52
 *** TIME =   2990.00         TIME INC =   60.0000      NEW TRIANG MATRIX
 *** RESPONSE EIGENVALUE = 0.3419E-04   OSCILLATION LIMIT = 0.2051E-02
 *** AUTO STEP TIME:  NEXT TIME INC =  60.000      UNCHANGED

 *** LOAD STEP     1   SUBSTEP    53  COMPLETED.    CUM ITER =     53
 *** TIME =   3050.00         TIME INC =   60.0000      NEW TRIANG MATRIX
 *** RESPONSE EIGENVALUE = 0.3390E-04   OSCILLATION LIMIT = 0.2034E-02
 *** AUTO STEP TIME:  NEXT TIME INC =  60.000      UNCHANGED

 *** LOAD STEP     1   SUBSTEP    54  COMPLETED.    CUM ITER =     54
 *** TIME =   3110.00         TIME INC =   60.0000      NEW TRIANG MATRIX
 *** RESPONSE EIGENVALUE = 0.3362E-04   OSCILLATION LIMIT = 0.2017E-02
 *** AUTO STEP TIME:  NEXT TIME INC =  60.000      UNCHANGED

 *** LOAD STEP     1   SUBSTEP    55  COMPLETED.    CUM ITER =     55
 *** TIME =   3170.00         TIME INC =   60.0000      NEW TRIANG MATRIX
 *** RESPONSE EIGENVALUE = 0.3333E-04   OSCILLATION LIMIT = 0.2000E-02
 *** AUTO STEP TIME:  NEXT TIME INC =  60.000      UNCHANGED

 *** LOAD STEP     1   SUBSTEP    56  COMPLETED.    CUM ITER =     56
 *** TIME =   3230.00         TIME INC =   60.0000      NEW TRIANG MATRIX
 *** RESPONSE EIGENVALUE = 0.3306E-04   OSCILLATION LIMIT = 0.1983E-02
 *** AUTO STEP TIME:  NEXT TIME INC =  60.000      UNCHANGED

 *** LOAD STEP     1   SUBSTEP    57  COMPLETED.    CUM ITER =     57
 *** TIME =   3290.00         TIME INC =   60.0000      NEW TRIANG MATRIX
 *** RESPONSE EIGENVALUE = 0.3278E-04   OSCILLATION LIMIT = 0.1967E-02
 *** AUTO STEP TIME:  NEXT TIME INC =  60.000      UNCHANGED

 *** LOAD STEP     1   SUBSTEP    58  COMPLETED.    CUM ITER =     58
 *** TIME =   3350.00         TIME INC =   60.0000      NEW TRIANG MATRIX
 *** RESPONSE EIGENVALUE = 0.3252E-04   OSCILLATION LIMIT = 0.1951E-02
 *** AUTO STEP TIME:  NEXT TIME INC =  60.000      UNCHANGED

 *** LOAD STEP     1   SUBSTEP    59  COMPLETED.    CUM ITER =     59
 *** TIME =   3410.00         TIME INC =   60.0000      NEW TRIANG MATRIX
 *** RESPONSE EIGENVALUE = 0.3225E-04   OSCILLATION LIMIT = 0.1935E-02
 *** AUTO STEP TIME:  NEXT TIME INC =  60.000      UNCHANGED

 *** LOAD STEP     1   SUBSTEP    60  COMPLETED.    CUM ITER =     60
 *** TIME =   3470.00         TIME INC =   60.0000      NEW TRIANG MATRIX
 *** RESPONSE EIGENVALUE = 0.3199E-04   OSCILLATION LIMIT = 0.1919E-02
 *** AUTO STEP TIME:  NEXT TIME INC =  60.000      UNCHANGED

 *** LOAD STEP     1   SUBSTEP    61  COMPLETED.    CUM ITER =     61
 *** TIME =   3530.00         TIME INC =   60.0000      NEW TRIANG MATRIX
 *** RESPONSE EIGENVALUE = 0.3173E-04   OSCILLATION LIMIT = 0.1904E-02
 *** AUTO STEP TIME:  NEXT TIME INC =  60.000      UNCHANGED

 *** LOAD STEP     1   SUBSTEP    62  COMPLETED.    CUM ITER =     62
 *** TIME =   3590.00         TIME INC =   60.0000      NEW TRIANG MATRIX
 *** RESPONSE EIGENVALUE = 0.3147E-04   OSCILLATION LIMIT = 0.1888E-02
 *** AUTO STEP TIME:  NEXT TIME INC =  60.000      UNCHANGED

 *** LOAD STEP     1   SUBSTEP    63  COMPLETED.    CUM ITER =     63
 *** TIME =   3650.00         TIME INC =   60.0000      NEW TRIANG MATRIX
 *** RESPONSE EIGENVALUE = 0.3122E-04   OSCILLATION LIMIT = 0.1873E-02
 *** AUTO STEP TIME:  NEXT TIME INC =  60.000      UNCHANGED

 *** LOAD STEP     1   SUBSTEP    64  COMPLETED.    CUM ITER =     64
 *** TIME =   3710.00         TIME INC =   60.0000      NEW TRIANG MATRIX
 *** RESPONSE EIGENVALUE = 0.3097E-04   OSCILLATION LIMIT = 0.1858E-02
 *** AUTO STEP TIME:  NEXT TIME INC =  60.000      UNCHANGED

 *** LOAD STEP     1   SUBSTEP    65  COMPLETED.    CUM ITER =     65
 *** TIME =   3770.00         TIME INC =   60.0000      NEW TRIANG MATRIX
 *** RESPONSE EIGENVALUE = 0.3072E-04   OSCILLATION LIMIT = 0.1843E-02
 *** AUTO STEP TIME:  NEXT TIME INC =  60.000      UNCHANGED

 *** LOAD STEP     1   SUBSTEP    66  COMPLETED.    CUM ITER =     66
 *** TIME =   3830.00         TIME INC =   60.0000      NEW TRIANG MATRIX
 *** RESPONSE EIGENVALUE = 0.3048E-04   OSCILLATION LIMIT = 0.1829E-02
 *** AUTO STEP TIME:  NEXT TIME INC =  60.000      UNCHANGED

 *** LOAD STEP     1   SUBSTEP    67  COMPLETED.    CUM ITER =     67
 *** TIME =   3890.00         TIME INC =   60.0000      NEW TRIANG MATRIX
 *** RESPONSE EIGENVALUE = 0.3024E-04   OSCILLATION LIMIT = 0.1814E-02
 *** AUTO STEP TIME:  NEXT TIME INC =  60.000      UNCHANGED

 *** LOAD STEP     1   SUBSTEP    68  COMPLETED.    CUM ITER =     68
 *** TIME =   3950.00         TIME INC =   60.0000      NEW TRIANG MATRIX
 *** RESPONSE EIGENVALUE = 0.3000E-04   OSCILLATION LIMIT = 0.1800E-02
 *** AUTO STEP TIME:  NEXT TIME INC =  60.000      UNCHANGED

 *** LOAD STEP     1   SUBSTEP    69  COMPLETED.    CUM ITER =     69
 *** TIME =   4010.00         TIME INC =   60.0000      NEW TRIANG MATRIX
 *** RESPONSE EIGENVALUE = 0.2976E-04   OSCILLATION LIMIT = 0.1786E-02
 *** AUTO STEP TIME:  NEXT TIME INC =  60.000      UNCHANGED

 *** LOAD STEP     1   SUBSTEP    70  COMPLETED.    CUM ITER =     70
 *** TIME =   4070.00         TIME INC =   60.0000      NEW TRIANG MATRIX
 *** RESPONSE EIGENVALUE = 0.2953E-04   OSCILLATION LIMIT = 0.1772E-02
 *** AUTO STEP TIME:  NEXT TIME INC =  60.000      UNCHANGED

 *** LOAD STEP     1   SUBSTEP    71  COMPLETED.    CUM ITER =     71
 *** TIME =   4130.00         TIME INC =   60.0000      NEW TRIANG MATRIX
 *** RESPONSE EIGENVALUE = 0.2930E-04   OSCILLATION LIMIT = 0.1758E-02
 *** AUTO STEP TIME:  NEXT TIME INC =  60.000      UNCHANGED

 *** LOAD STEP     1   SUBSTEP    72  COMPLETED.    CUM ITER =     72
 *** TIME =   4190.00         TIME INC =   60.0000      NEW TRIANG MATRIX
 *** RESPONSE EIGENVALUE = 0.2907E-04   OSCILLATION LIMIT = 0.1744E-02
 *** AUTO STEP TIME:  NEXT TIME INC =  60.000      UNCHANGED

 *** LOAD STEP     1   SUBSTEP    73  COMPLETED.    CUM ITER =     73
 *** TIME =   4250.00         TIME INC =   60.0000      NEW TRIANG MATRIX
 *** RESPONSE EIGENVALUE = 0.2884E-04   OSCILLATION LIMIT = 0.1730E-02
 *** AUTO STEP TIME:  NEXT TIME INC =  60.000      UNCHANGED

 *** LOAD STEP     1   SUBSTEP    74  COMPLETED.    CUM ITER =     74
 *** TIME =   4310.00         TIME INC =   60.0000      NEW TRIANG MATRIX
 *** RESPONSE EIGENVALUE = 0.2861E-04   OSCILLATION LIMIT = 0.1717E-02
 *** AUTO STEP TIME:  NEXT TIME INC =  60.000      UNCHANGED

 *** LOAD STEP     1   SUBSTEP    75  COMPLETED.    CUM ITER =     75
 *** TIME =   4370.00         TIME INC =   60.0000      NEW TRIANG MATRIX
 *** RESPONSE EIGENVALUE = 0.2839E-04   OSCILLATION LIMIT = 0.1704E-02
 *** AUTO STEP TIME:  NEXT TIME INC =  60.000      UNCHANGED

 *** LOAD STEP     1   SUBSTEP    76  COMPLETED.    CUM ITER =     76
 *** TIME =   4430.00         TIME INC =   60.0000      NEW TRIANG MATRIX
 *** RESPONSE EIGENVALUE = 0.2817E-04   OSCILLATION LIMIT = 0.1690E-02
 *** AUTO STEP TIME:  NEXT TIME INC =  60.000      UNCHANGED

 *** LOAD STEP     1   SUBSTEP    77  COMPLETED.    CUM ITER =     77
 *** TIME =   4490.00         TIME INC =   60.0000      NEW TRIANG MATRIX
 *** RESPONSE EIGENVALUE = 0.2795E-04   OSCILLATION LIMIT = 0.1677E-02
 *** AUTO STEP TIME:  NEXT TIME INC =  60.000      UNCHANGED

 *** LOAD STEP     1   SUBSTEP    78  COMPLETED.    CUM ITER =     78
 *** TIME =   4550.00         TIME INC =   60.0000      NEW TRIANG MATRIX
 *** RESPONSE EIGENVALUE = 0.2774E-04   OSCILLATION LIMIT = 0.1664E-02
 *** AUTO STEP TIME:  NEXT TIME INC =  60.000      UNCHANGED

 *** LOAD STEP     1   SUBSTEP    79  COMPLETED.    CUM ITER =     79
 *** TIME =   4610.00         TIME INC =   60.0000      NEW TRIANG MATRIX
 *** RESPONSE EIGENVALUE = 0.2752E-04   OSCILLATION LIMIT = 0.1651E-02
 *** AUTO STEP TIME:  NEXT TIME INC =  60.000      UNCHANGED

 *** LOAD STEP     1   SUBSTEP    80  COMPLETED.    CUM ITER =     80
 *** TIME =   4670.00         TIME INC =   60.0000      NEW TRIANG MATRIX
 *** RESPONSE EIGENVALUE = 0.2731E-04   OSCILLATION LIMIT = 0.1639E-02
 *** AUTO STEP TIME:  NEXT TIME INC =  60.000      UNCHANGED

 *** LOAD STEP     1   SUBSTEP    81  COMPLETED.    CUM ITER =     81
 *** TIME =   4730.00         TIME INC =   60.0000      NEW TRIANG MATRIX
 *** RESPONSE EIGENVALUE = 0.2710E-04   OSCILLATION LIMIT = 0.1626E-02
 *** AUTO STEP TIME:  NEXT TIME INC =  60.000      UNCHANGED

 *** LOAD STEP     1   SUBSTEP    82  COMPLETED.    CUM ITER =     82
 *** TIME =   4790.00         TIME INC =   60.0000      NEW TRIANG MATRIX
 *** RESPONSE EIGENVALUE = 0.2689E-04   OSCILLATION LIMIT = 0.1614E-02
 *** AUTO STEP TIME:  NEXT TIME INC =  60.000      UNCHANGED

 *** LOAD STEP     1   SUBSTEP    83  COMPLETED.    CUM ITER =     83
 *** TIME =   4850.00         TIME INC =   60.0000      NEW TRIANG MATRIX
 *** RESPONSE EIGENVALUE = 0.2669E-04   OSCILLATION LIMIT = 0.1601E-02
 *** AUTO STEP TIME:  NEXT TIME INC =  60.000      UNCHANGED

 *** LOAD STEP     1   SUBSTEP    84  COMPLETED.    CUM ITER =     84
 *** TIME =   4910.00         TIME INC =   60.0000      NEW TRIANG MATRIX
 *** RESPONSE EIGENVALUE = 0.2648E-04   OSCILLATION LIMIT = 0.1589E-02
 *** AUTO STEP TIME:  NEXT TIME INC =  60.000      UNCHANGED

 *** LOAD STEP     1   SUBSTEP    85  COMPLETED.    CUM ITER =     85
 *** TIME =   4970.00         TIME INC =   60.0000      NEW TRIANG MATRIX
 *** RESPONSE EIGENVALUE = 0.2628E-04   OSCILLATION LIMIT = 0.1577E-02
 *** AUTO STEP TIME:  NEXT TIME INC =  60.000      UNCHANGED

 *** LOAD STEP     1   SUBSTEP    86  COMPLETED.    CUM ITER =     86
 *** TIME =   5030.00         TIME INC =   60.0000      NEW TRIANG MATRIX
 *** RESPONSE EIGENVALUE = 0.2608E-04   OSCILLATION LIMIT = 0.1565E-02
 *** AUTO STEP TIME:  NEXT TIME INC =  60.000      UNCHANGED

 *** LOAD STEP     1   SUBSTEP    87  COMPLETED.    CUM ITER =     87
 *** TIME =   5090.00         TIME INC =   60.0000      NEW TRIANG MATRIX
 *** RESPONSE EIGENVALUE = 0.2588E-04   OSCILLATION LIMIT = 0.1553E-02
 *** AUTO STEP TIME:  NEXT TIME INC =  60.000      UNCHANGED

 *** LOAD STEP     1   SUBSTEP    88  COMPLETED.    CUM ITER =     88
 *** TIME =   5150.00         TIME INC =   60.0000      NEW TRIANG MATRIX
 *** RESPONSE EIGENVALUE = 0.2568E-04   OSCILLATION LIMIT = 0.1541E-02
 *** AUTO STEP TIME:  NEXT TIME INC =  60.000      UNCHANGED

 *** LOAD STEP     1   SUBSTEP    89  COMPLETED.    CUM ITER =     89
 *** TIME =   5210.00         TIME INC =   60.0000      NEW TRIANG MATRIX
 *** RESPONSE EIGENVALUE = 0.2549E-04   OSCILLATION LIMIT = 0.1529E-02
 *** AUTO STEP TIME:  NEXT TIME INC =  60.000      UNCHANGED

 *** LOAD STEP     1   SUBSTEP    90  COMPLETED.    CUM ITER =     90
 *** TIME =   5270.00         TIME INC =   60.0000      NEW TRIANG MATRIX
 *** RESPONSE EIGENVALUE = 0.2529E-04   OSCILLATION LIMIT = 0.1517E-02
 *** AUTO STEP TIME:  NEXT TIME INC =  60.000      UNCHANGED

 *** LOAD STEP     1   SUBSTEP    91  COMPLETED.    CUM ITER =     91
 *** TIME =   5330.00         TIME INC =   60.0000      NEW TRIANG MATRIX
 *** RESPONSE EIGENVALUE = 0.2510E-04   OSCILLATION LIMIT = 0.1506E-02
 *** AUTO STEP TIME:  NEXT TIME INC =  60.000      UNCHANGED

 *** LOAD STEP     1   SUBSTEP    92  COMPLETED.    CUM ITER =     92
 *** TIME =   5390.00         TIME INC =   60.0000      NEW TRIANG MATRIX
 *** RESPONSE EIGENVALUE = 0.2491E-04   OSCILLATION LIMIT = 0.1494E-02
 *** AUTO STEP TIME:  NEXT TIME INC =  60.000      UNCHANGED

 *** LOAD STEP     1   SUBSTEP    93  COMPLETED.    CUM ITER =     93
 *** TIME =   5450.00         TIME INC =   60.0000      NEW TRIANG MATRIX
 *** RESPONSE EIGENVALUE = 0.2472E-04   OSCILLATION LIMIT = 0.1483E-02
 *** AUTO STEP TIME:  NEXT TIME INC =  60.000      UNCHANGED

 *** LOAD STEP     1   SUBSTEP    94  COMPLETED.    CUM ITER =     94
 *** TIME =   5510.00         TIME INC =   60.0000      NEW TRIANG MATRIX
 *** RESPONSE EIGENVALUE = 0.2453E-04   OSCILLATION LIMIT = 0.1472E-02
 *** AUTO STEP TIME:  NEXT TIME INC =  60.000      UNCHANGED

 *** LOAD STEP     1   SUBSTEP    95  COMPLETED.    CUM ITER =     95
 *** TIME =   5570.00         TIME INC =   60.0000      NEW TRIANG MATRIX
 *** RESPONSE EIGENVALUE = 0.2434E-04   OSCILLATION LIMIT = 0.1461E-02
 *** AUTO STEP TIME:  NEXT TIME INC =  60.000      UNCHANGED

 *** LOAD STEP     1   SUBSTEP    96  COMPLETED.    CUM ITER =     96
 *** TIME =   5630.00         TIME INC =   60.0000      NEW TRIANG MATRIX
 *** RESPONSE EIGENVALUE = 0.2416E-04   OSCILLATION LIMIT = 0.1450E-02
 *** AUTO STEP TIME:  NEXT TIME INC =  60.000      UNCHANGED

 *** LOAD STEP     1   SUBSTEP    97  COMPLETED.    CUM ITER =     97
 *** TIME =   5690.00         TIME INC =   60.0000      NEW TRIANG MATRIX
 *** RESPONSE EIGENVALUE = 0.2398E-04   OSCILLATION LIMIT = 0.1439E-02
 *** AUTO STEP TIME:  NEXT TIME INC =  60.000      UNCHANGED

 *** LOAD STEP     1   SUBSTEP    98  COMPLETED.    CUM ITER =     98
 *** TIME =   5750.00         TIME INC =   60.0000      NEW TRIANG MATRIX
 *** RESPONSE EIGENVALUE = 0.2380E-04   OSCILLATION LIMIT = 0.1428E-02
 *** AUTO STEP TIME:  NEXT TIME INC =  60.000      UNCHANGED

 *** LOAD STEP     1   SUBSTEP    99  COMPLETED.    CUM ITER =     99
 *** TIME =   5810.00         TIME INC =   60.0000      NEW TRIANG MATRIX
 *** RESPONSE EIGENVALUE = 0.2362E-04   OSCILLATION LIMIT = 0.1417E-02
 *** AUTO STEP TIME:  NEXT TIME INC =  60.000      UNCHANGED

 *** LOAD STEP     1   SUBSTEP   100  COMPLETED.    CUM ITER =    100
 *** TIME =   5870.00         TIME INC =   60.0000      NEW TRIANG MATRIX
 *** RESPONSE EIGENVALUE = 0.2344E-04   OSCILLATION LIMIT = 0.1406E-02
 *** AUTO STEP TIME:  NEXT TIME INC =  60.000      UNCHANGED

 *** LOAD STEP     1   SUBSTEP   101  COMPLETED.    CUM ITER =    101
 *** TIME =   5930.00         TIME INC =   60.0000      NEW TRIANG MATRIX
 *** RESPONSE EIGENVALUE = 0.2326E-04   OSCILLATION LIMIT = 0.1396E-02
 *** AUTO STEP TIME:  NEXT TIME INC =  60.000      UNCHANGED

 *** LOAD STEP     1   SUBSTEP   102  COMPLETED.    CUM ITER =    102
 *** TIME =   5990.00         TIME INC =   60.0000      NEW TRIANG MATRIX
 *** RESPONSE EIGENVALUE = 0.2308E-04   OSCILLATION LIMIT = 0.1385E-02
 *** AUTO STEP TIME:  NEXT TIME INC =  60.000      UNCHANGED

 *** LOAD STEP     1   SUBSTEP   103  COMPLETED.    CUM ITER =    103
 *** TIME =   6050.00         TIME INC =   60.0000      NEW TRIANG MATRIX
 *** RESPONSE EIGENVALUE = 0.2291E-04   OSCILLATION LIMIT = 0.1375E-02
 *** AUTO STEP TIME:  NEXT TIME INC =  60.000      UNCHANGED

 *** LOAD STEP     1   SUBSTEP   104  COMPLETED.    CUM ITER =    104
 *** TIME =   6110.00         TIME INC =   60.0000      NEW TRIANG MATRIX
 *** RESPONSE EIGENVALUE = 0.2274E-04   OSCILLATION LIMIT = 0.1364E-02
 *** AUTO STEP TIME:  NEXT TIME INC =  60.000      UNCHANGED

 *** LOAD STEP     1   SUBSTEP   105  COMPLETED.    CUM ITER =    105
 *** TIME =   6170.00         TIME INC =   60.0000      NEW TRIANG MATRIX
 *** RESPONSE EIGENVALUE = 0.2256E-04   OSCILLATION LIMIT = 0.1354E-02
 *** AUTO STEP TIME:  NEXT TIME INC =  60.000      UNCHANGED

 *** LOAD STEP     1   SUBSTEP   106  COMPLETED.    CUM ITER =    106
 *** TIME =   6230.00         TIME INC =   60.0000      NEW TRIANG MATRIX
 *** RESPONSE EIGENVALUE = 0.2239E-04   OSCILLATION LIMIT = 0.1344E-02
 *** AUTO STEP TIME:  NEXT TIME INC =  60.000      UNCHANGED

 *** LOAD STEP     1   SUBSTEP   107  COMPLETED.    CUM ITER =    107
 *** TIME =   6290.00         TIME INC =   60.0000      NEW TRIANG MATRIX
 *** RESPONSE EIGENVALUE = 0.2222E-04   OSCILLATION LIMIT = 0.1333E-02
 *** AUTO STEP TIME:  NEXT TIME INC =  60.000      UNCHANGED

 *** LOAD STEP     1   SUBSTEP   108  COMPLETED.    CUM ITER =    108
 *** TIME =   6350.00         TIME INC =   60.0000      NEW TRIANG MATRIX
 *** RESPONSE EIGENVALUE = 0.2206E-04   OSCILLATION LIMIT = 0.1323E-02
 *** AUTO STEP TIME:  NEXT TIME INC =  60.000      UNCHANGED

 *** LOAD STEP     1   SUBSTEP   109  COMPLETED.    CUM ITER =    109
 *** TIME =   6410.00         TIME INC =   60.0000      NEW TRIANG MATRIX
 *** RESPONSE EIGENVALUE = 0.2189E-04   OSCILLATION LIMIT = 0.1313E-02
 *** AUTO STEP TIME:  NEXT TIME INC =  60.000      UNCHANGED

 *** LOAD STEP     1   SUBSTEP   110  COMPLETED.    CUM ITER =    110
 *** TIME =   6470.00         TIME INC =   60.0000      NEW TRIANG MATRIX
 *** RESPONSE EIGENVALUE = 0.2172E-04   OSCILLATION LIMIT = 0.1303E-02
 *** AUTO STEP TIME:  NEXT TIME INC =  60.000      UNCHANGED

 *** LOAD STEP     1   SUBSTEP   111  COMPLETED.    CUM ITER =    111
 *** TIME =   6530.00         TIME INC =   60.0000      NEW TRIANG MATRIX
 *** RESPONSE EIGENVALUE = 0.2156E-04   OSCILLATION LIMIT = 0.1294E-02
 *** AUTO STEP TIME:  NEXT TIME INC =  60.000      UNCHANGED

 *** LOAD STEP     1   SUBSTEP   112  COMPLETED.    CUM ITER =    112
 *** TIME =   6590.00         TIME INC =   60.0000      NEW TRIANG MATRIX
 *** RESPONSE EIGENVALUE = 0.2140E-04   OSCILLATION LIMIT = 0.1284E-02
 *** AUTO STEP TIME:  NEXT TIME INC =  60.000      UNCHANGED

 *** LOAD STEP     1   SUBSTEP   113  COMPLETED.    CUM ITER =    113
 *** TIME =   6650.00         TIME INC =   60.0000      NEW TRIANG MATRIX
 *** RESPONSE EIGENVALUE = 0.2124E-04   OSCILLATION LIMIT = 0.1274E-02
 *** AUTO STEP TIME:  NEXT TIME INC =  60.000      UNCHANGED

 *** LOAD STEP     1   SUBSTEP   114  COMPLETED.    CUM ITER =    114
 *** TIME =   6710.00         TIME INC =   60.0000      NEW TRIANG MATRIX
 *** RESPONSE EIGENVALUE = 0.2108E-04   OSCILLATION LIMIT = 0.1265E-02
 *** AUTO STEP TIME:  NEXT TIME INC =  60.000      UNCHANGED

 *** LOAD STEP     1   SUBSTEP   115  COMPLETED.    CUM ITER =    115
 *** TIME =   6770.00         TIME INC =   60.0000      NEW TRIANG MATRIX
 *** RESPONSE EIGENVALUE = 0.2092E-04   OSCILLATION LIMIT = 0.1255E-02
 *** AUTO STEP TIME:  NEXT TIME INC =  60.000      UNCHANGED

 *** LOAD STEP     1   SUBSTEP   116  COMPLETED.    CUM ITER =    116
 *** TIME =   6830.00         TIME INC =   60.0000      NEW TRIANG MATRIX
 *** RESPONSE EIGENVALUE = 0.2076E-04   OSCILLATION LIMIT = 0.1246E-02
 *** AUTO STEP TIME:  NEXT TIME INC =  60.000      UNCHANGED

 *** LOAD STEP     1   SUBSTEP   117  COMPLETED.    CUM ITER =    117
 *** TIME =   6890.00         TIME INC =   60.0000      NEW TRIANG MATRIX
 *** RESPONSE EIGENVALUE = 0.2060E-04   OSCILLATION LIMIT = 0.1236E-02
 *** AUTO STEP TIME:  NEXT TIME INC =  60.000      UNCHANGED

 *** LOAD STEP     1   SUBSTEP   118  COMPLETED.    CUM ITER =    118
 *** TIME =   6950.00         TIME INC =   60.0000      NEW TRIANG MATRIX
 *** RESPONSE EIGENVALUE = 0.2045E-04   OSCILLATION LIMIT = 0.1227E-02
 *** AUTO STEP TIME:  NEXT TIME INC =  60.000      UNCHANGED

 *** LOAD STEP     1   SUBSTEP   119  COMPLETED.    CUM ITER =    119
 *** TIME =   7010.00         TIME INC =   60.0000      NEW TRIANG MATRIX
 *** RESPONSE EIGENVALUE = 0.2030E-04   OSCILLATION LIMIT = 0.1218E-02
 *** AUTO STEP TIME:  NEXT TIME INC =  60.000      UNCHANGED

 *** LOAD STEP     1   SUBSTEP   120  COMPLETED.    CUM ITER =    120
 *** TIME =   7070.00         TIME INC =   60.0000      NEW TRIANG MATRIX
 *** RESPONSE EIGENVALUE = 0.2014E-04   OSCILLATION LIMIT = 0.1209E-02
 *** AUTO STEP TIME:  NEXT TIME INC =  60.000      UNCHANGED

 *** LOAD STEP     1   SUBSTEP   121  COMPLETED.    CUM ITER =    121
 *** TIME =   7130.00         TIME INC =   60.0000      NEW TRIANG MATRIX
 *** RESPONSE EIGENVALUE = 0.1999E-04   OSCILLATION LIMIT = 0.1199E-02
 *** AUTO STEP TIME:  NEXT TIME INC =  60.000      UNCHANGED

 *** LOAD STEP     1   SUBSTEP   122  COMPLETED.    CUM ITER =    122
 *** TIME =   7190.00         TIME INC =   60.0000      NEW TRIANG MATRIX
 *** RESPONSE EIGENVALUE = 0.1984E-04   OSCILLATION LIMIT = 0.1190E-02
 *** AUTO STEP TIME:  NEXT TIME INC =  60.000      UNCHANGED

 *** LOAD STEP     1   SUBSTEP   123  COMPLETED.    CUM ITER =    123
 *** TIME =   7250.00         TIME INC =   60.0000      NEW TRIANG MATRIX
 *** RESPONSE EIGENVALUE = 0.1969E-04   OSCILLATION LIMIT = 0.1181E-02
 *** AUTO STEP TIME:  NEXT TIME INC =  60.000      UNCHANGED

 *** LOAD STEP     1   SUBSTEP   124  COMPLETED.    CUM ITER =    124
 *** TIME =   7310.00         TIME INC =   60.0000      NEW TRIANG MATRIX
 *** RESPONSE EIGENVALUE = 0.1954E-04   OSCILLATION LIMIT = 0.1173E-02
 *** AUTO STEP TIME:  NEXT TIME INC =  60.000      UNCHANGED

 *** LOAD STEP     1   SUBSTEP   125  COMPLETED.    CUM ITER =    125
 *** TIME =   7370.00         TIME INC =   60.0000      NEW TRIANG MATRIX
 *** RESPONSE EIGENVALUE = 0.1940E-04   OSCILLATION LIMIT = 0.1164E-02
 *** AUTO STEP TIME:  NEXT TIME INC =  60.000      UNCHANGED

 *** LOAD STEP     1   SUBSTEP   126  COMPLETED.    CUM ITER =    126
 *** TIME =   7430.00         TIME INC =   60.0000      NEW TRIANG MATRIX
 *** RESPONSE EIGENVALUE = 0.1925E-04   OSCILLATION LIMIT = 0.1155E-02
 *** AUTO STEP TIME:  NEXT TIME INC =  60.000      UNCHANGED

 *** LOAD STEP     1   SUBSTEP   127  COMPLETED.    CUM ITER =    127
 *** TIME =   7490.00         TIME INC =   60.0000      NEW TRIANG MATRIX
 *** RESPONSE EIGENVALUE = 0.1911E-04   OSCILLATION LIMIT = 0.1146E-02
 *** AUTO STEP TIME:  NEXT TIME INC =  60.000      UNCHANGED

 *** LOAD STEP     1   SUBSTEP   128  COMPLETED.    CUM ITER =    128
 *** TIME =   7550.00         TIME INC =   60.0000      NEW TRIANG MATRIX
 *** RESPONSE EIGENVALUE = 0.1896E-04   OSCILLATION LIMIT = 0.1138E-02
 *** AUTO STEP TIME:  NEXT TIME INC =  60.000      UNCHANGED

 *** LOAD STEP     1   SUBSTEP   129  COMPLETED.    CUM ITER =    129
 *** TIME =   7610.00         TIME INC =   60.0000      NEW TRIANG MATRIX
 *** RESPONSE EIGENVALUE = 0.1882E-04   OSCILLATION LIMIT = 0.1129E-02
 *** AUTO STEP TIME:  NEXT TIME INC =  60.000      UNCHANGED

 *** LOAD STEP     1   SUBSTEP   130  COMPLETED.    CUM ITER =    130
 *** TIME =   7670.00         TIME INC =   60.0000      NEW TRIANG MATRIX
 *** RESPONSE EIGENVALUE = 0.1868E-04   OSCILLATION LIMIT = 0.1121E-02
 *** AUTO STEP TIME:  NEXT TIME INC =  60.000      UNCHANGED

 *** LOAD STEP     1   SUBSTEP   131  COMPLETED.    CUM ITER =    131
 *** TIME =   7730.00         TIME INC =   60.0000      NEW TRIANG MATRIX
 *** RESPONSE EIGENVALUE = 0.1854E-04   OSCILLATION LIMIT = 0.1112E-02
 *** AUTO STEP TIME:  NEXT TIME INC =  60.000      UNCHANGED

 *** LOAD STEP     1   SUBSTEP   132  COMPLETED.    CUM ITER =    132
 *** TIME =   7790.00         TIME INC =   60.0000      NEW TRIANG MATRIX
 *** RESPONSE EIGENVALUE = 0.1840E-04   OSCILLATION LIMIT = 0.1104E-02
 *** AUTO STEP TIME:  NEXT TIME INC =  60.000      UNCHANGED

 *** LOAD STEP     1   SUBSTEP   133  COMPLETED.    CUM ITER =    133
 *** TIME =   7850.00         TIME INC =   60.0000      NEW TRIANG MATRIX
 *** RESPONSE EIGENVALUE = 0.1826E-04   OSCILLATION LIMIT = 0.1096E-02
 *** AUTO STEP TIME:  NEXT TIME INC =  60.000      UNCHANGED

 *** LOAD STEP     1   SUBSTEP   134  COMPLETED.    CUM ITER =    134
 *** TIME =   7910.00         TIME INC =   60.0000      NEW TRIANG MATRIX
 *** RESPONSE EIGENVALUE = 0.1812E-04   OSCILLATION LIMIT = 0.1087E-02
 *** AUTO STEP TIME:  NEXT TIME INC =  60.000      UNCHANGED

 *** LOAD STEP     1   SUBSTEP   135  COMPLETED.    CUM ITER =    135
 *** TIME =   7970.00         TIME INC =   60.0000      NEW TRIANG MATRIX
 *** RESPONSE EIGENVALUE = 0.1799E-04   OSCILLATION LIMIT = 0.1079E-02
 *** AUTO STEP TIME:  NEXT TIME INC =  60.000      UNCHANGED

 *** LOAD STEP     1   SUBSTEP   136  COMPLETED.    CUM ITER =    136
 *** TIME =   8030.00         TIME INC =   60.0000      NEW TRIANG MATRIX
 *** RESPONSE EIGENVALUE = 0.1785E-04   OSCILLATION LIMIT = 0.1071E-02
 *** AUTO STEP TIME:  NEXT TIME INC =  60.000      UNCHANGED

 *** LOAD STEP     1   SUBSTEP   137  COMPLETED.    CUM ITER =    137
 *** TIME =   8090.00         TIME INC =   60.0000      NEW TRIANG MATRIX
 *** RESPONSE EIGENVALUE = 0.1772E-04   OSCILLATION LIMIT = 0.1063E-02
 *** AUTO STEP TIME:  NEXT TIME INC =  60.000      UNCHANGED

 *** LOAD STEP     1   SUBSTEP   138  COMPLETED.    CUM ITER =    138
 *** TIME =   8150.00         TIME INC =   60.0000      NEW TRIANG MATRIX
 *** RESPONSE EIGENVALUE = 0.1759E-04   OSCILLATION LIMIT = 0.1055E-02
 *** AUTO STEP TIME:  NEXT TIME INC =  60.000      UNCHANGED

 *** LOAD STEP     1   SUBSTEP   139  COMPLETED.    CUM ITER =    139
 *** TIME =   8210.00         TIME INC =   60.0000      NEW TRIANG MATRIX
 *** RESPONSE EIGENVALUE = 0.1745E-04   OSCILLATION LIMIT = 0.1047E-02
 *** AUTO STEP TIME:  NEXT TIME INC =  60.000      UNCHANGED

 *** LOAD STEP     1   SUBSTEP   140  COMPLETED.    CUM ITER =    140
 *** TIME =   8270.00         TIME INC =   60.0000      NEW TRIANG MATRIX
 *** RESPONSE EIGENVALUE = 0.1732E-04   OSCILLATION LIMIT = 0.1039E-02
 *** AUTO STEP TIME:  NEXT TIME INC =  60.000      UNCHANGED

 *** LOAD STEP     1   SUBSTEP   141  COMPLETED.    CUM ITER =    141
 *** TIME =   8330.00         TIME INC =   60.0000      NEW TRIANG MATRIX
 *** RESPONSE EIGENVALUE = 0.1719E-04   OSCILLATION LIMIT = 0.1032E-02
 *** AUTO STEP TIME:  NEXT TIME INC =  60.000      UNCHANGED

 *** LOAD STEP     1   SUBSTEP   142  COMPLETED.    CUM ITER =    142
 *** TIME =   8390.00         TIME INC =   60.0000      NEW TRIANG MATRIX
 *** RESPONSE EIGENVALUE = 0.1706E-04   OSCILLATION LIMIT = 0.1024E-02
 *** AUTO STEP TIME:  NEXT TIME INC =  60.000      UNCHANGED

 *** LOAD STEP     1   SUBSTEP   143  COMPLETED.    CUM ITER =    143
 *** TIME =   8450.00         TIME INC =   60.0000      NEW TRIANG MATRIX
 *** RESPONSE EIGENVALUE = 0.1694E-04   OSCILLATION LIMIT = 0.1016E-02
 *** AUTO STEP TIME:  NEXT TIME INC =  60.000      UNCHANGED

 *** LOAD STEP     1   SUBSTEP   144  COMPLETED.    CUM ITER =    144
 *** TIME =   8510.00         TIME INC =   60.0000      NEW TRIANG MATRIX
 *** RESPONSE EIGENVALUE = 0.1681E-04   OSCILLATION LIMIT = 0.1009E-02
 *** AUTO STEP TIME:  NEXT TIME INC =  60.000      UNCHANGED

 *** LOAD STEP     1   SUBSTEP   145  COMPLETED.    CUM ITER =    145
 *** TIME =   8570.00         TIME INC =   60.0000      NEW TRIANG MATRIX
 *** RESPONSE EIGENVALUE = 0.1668E-04   OSCILLATION LIMIT = 0.1001E-02
 *** AUTO STEP TIME:  NEXT TIME INC =  60.000      UNCHANGED

 *** LOAD STEP     1   SUBSTEP   146  COMPLETED.    CUM ITER =    146
 *** TIME =   8630.00         TIME INC =   60.0000      NEW TRIANG MATRIX
 *** RESPONSE EIGENVALUE = 0.1656E-04   OSCILLATION LIMIT = 0.9935E-03
 *** AUTO STEP TIME:  NEXT TIME INC =  60.000      UNCHANGED

 *** LOAD STEP     1   SUBSTEP   147  COMPLETED.    CUM ITER =    147
 *** TIME =   8690.00         TIME INC =   60.0000      NEW TRIANG MATRIX
 *** RESPONSE EIGENVALUE = 0.1643E-04   OSCILLATION LIMIT = 0.9861E-03
 *** AUTO STEP TIME:  NEXT TIME INC =  60.000      UNCHANGED

 *** LOAD STEP     1   SUBSTEP   148  COMPLETED.    CUM ITER =    148
 *** TIME =   8750.00         TIME INC =   60.0000      NEW TRIANG MATRIX
 *** RESPONSE EIGENVALUE = 0.1631E-04   OSCILLATION LIMIT = 0.9787E-03
 *** AUTO STEP TIME:  NEXT TIME INC =  60.000      UNCHANGED

 *** LOAD STEP     1   SUBSTEP   149  COMPLETED.    CUM ITER =    149
 *** TIME =   8810.00         TIME INC =   60.0000      NEW TRIANG MATRIX
 *** RESPONSE EIGENVALUE = 0.1619E-04   OSCILLATION LIMIT = 0.9714E-03
 *** AUTO STEP TIME:  NEXT TIME INC =  60.000      UNCHANGED

 *** LOAD STEP     1   SUBSTEP   150  COMPLETED.    CUM ITER =    150
 *** TIME =   8870.00         TIME INC =   60.0000      NEW TRIANG MATRIX
 *** RESPONSE EIGENVALUE = 0.1607E-04   OSCILLATION LIMIT = 0.9641E-03
 *** AUTO STEP TIME:  NEXT TIME INC =  60.000      UNCHANGED

 *** LOAD STEP     1   SUBSTEP   151  COMPLETED.    CUM ITER =    151
 *** TIME =   8930.00         TIME INC =   60.0000      NEW TRIANG MATRIX
 *** RESPONSE EIGENVALUE = 0.1595E-04   OSCILLATION LIMIT = 0.9569E-03
 *** AUTO STEP TIME:  NEXT TIME INC =  60.000      UNCHANGED

 *** LOAD STEP     1   SUBSTEP   152  COMPLETED.    CUM ITER =    152
 *** TIME =   8990.00         TIME INC =   60.0000      NEW TRIANG MATRIX
 *** RESPONSE EIGENVALUE = 0.1583E-04   OSCILLATION LIMIT = 0.9498E-03
 *** AUTO STEP TIME:  NEXT TIME INC =  60.000      UNCHANGED

 *** LOAD STEP     1   SUBSTEP   153  COMPLETED.    CUM ITER =    153
 *** TIME =   9050.00         TIME INC =   60.0000      NEW TRIANG MATRIX
 *** RESPONSE EIGENVALUE = 0.1571E-04   OSCILLATION LIMIT = 0.9427E-03
 *** AUTO STEP TIME:  NEXT TIME INC =  60.000      UNCHANGED

 *** LOAD STEP     1   SUBSTEP   154  COMPLETED.    CUM ITER =    154
 *** TIME =   9110.00         TIME INC =   60.0000      NEW TRIANG MATRIX
 *** RESPONSE EIGENVALUE = 0.1559E-04   OSCILLATION LIMIT = 0.9356E-03
 *** AUTO STEP TIME:  NEXT TIME INC =  60.000      UNCHANGED

 *** LOAD STEP     1   SUBSTEP   155  COMPLETED.    CUM ITER =    155
 *** TIME =   9170.00         TIME INC =   60.0000      NEW TRIANG MATRIX
 *** RESPONSE EIGENVALUE = 0.1548E-04   OSCILLATION LIMIT = 0.9286E-03
 *** AUTO STEP TIME:  NEXT TIME INC =  60.000      UNCHANGED

 *** LOAD STEP     1   SUBSTEP   156  COMPLETED.    CUM ITER =    156
 *** TIME =   9230.00         TIME INC =   60.0000      NEW TRIANG MATRIX
 *** RESPONSE EIGENVALUE = 0.1536E-04   OSCILLATION LIMIT = 0.9217E-03
 *** AUTO STEP TIME:  NEXT TIME INC =  60.000      UNCHANGED

 *** LOAD STEP     1   SUBSTEP   157  COMPLETED.    CUM ITER =    157
 *** TIME =   9290.00         TIME INC =   60.0000      NEW TRIANG MATRIX
 *** RESPONSE EIGENVALUE = 0.1525E-04   OSCILLATION LIMIT = 0.9148E-03
 *** AUTO STEP TIME:  NEXT TIME INC =  60.000      UNCHANGED

 *** LOAD STEP     1   SUBSTEP   158  COMPLETED.    CUM ITER =    158
 *** TIME =   9350.00         TIME INC =   60.0000      NEW TRIANG MATRIX
 *** RESPONSE EIGENVALUE = 0.1513E-04   OSCILLATION LIMIT = 0.9080E-03
 *** AUTO STEP TIME:  NEXT TIME INC =  60.000      UNCHANGED

 *** LOAD STEP     1   SUBSTEP   159  COMPLETED.    CUM ITER =    159
 *** TIME =   9410.00         TIME INC =   60.0000      NEW TRIANG MATRIX
 *** RESPONSE EIGENVALUE = 0.1502E-04   OSCILLATION LIMIT = 0.9012E-03
 *** AUTO STEP TIME:  NEXT TIME INC =  60.000      UNCHANGED

 *** LOAD STEP     1   SUBSTEP   160  COMPLETED.    CUM ITER =    160
 *** TIME =   9470.00         TIME INC =   60.0000      NEW TRIANG MATRIX
 *** RESPONSE EIGENVALUE = 0.1491E-04   OSCILLATION LIMIT = 0.8945E-03
 *** AUTO STEP TIME:  NEXT TIME INC =  60.000      UNCHANGED

 *** LOAD STEP     1   SUBSTEP   161  COMPLETED.    CUM ITER =    161
 *** TIME =   9530.00         TIME INC =   60.0000      NEW TRIANG MATRIX
 *** RESPONSE EIGENVALUE = 0.1480E-04   OSCILLATION LIMIT = 0.8878E-03
 *** AUTO STEP TIME:  NEXT TIME INC =  60.000      UNCHANGED

 *** LOAD STEP     1   SUBSTEP   162  COMPLETED.    CUM ITER =    162
 *** TIME =   9590.00         TIME INC =   60.0000      NEW TRIANG MATRIX
 *** RESPONSE EIGENVALUE = 0.1469E-04   OSCILLATION LIMIT = 0.8812E-03
 *** AUTO STEP TIME:  NEXT TIME INC =  60.000      UNCHANGED

 *** LOAD STEP     1   SUBSTEP   163  COMPLETED.    CUM ITER =    163
 *** TIME =   9650.00         TIME INC =   60.0000      NEW TRIANG MATRIX
 *** RESPONSE EIGENVALUE = 0.1458E-04   OSCILLATION LIMIT = 0.8746E-03
 *** AUTO STEP TIME:  NEXT TIME INC =  60.000      UNCHANGED

 *** LOAD STEP     1   SUBSTEP   164  COMPLETED.    CUM ITER =    164
 *** TIME =   9710.00         TIME INC =   60.0000      NEW TRIANG MATRIX
 *** RESPONSE EIGENVALUE = 0.1447E-04   OSCILLATION LIMIT = 0.8681E-03
 *** AUTO STEP TIME:  NEXT TIME INC =  60.000      UNCHANGED

 *** LOAD STEP     1   SUBSTEP   165  COMPLETED.    CUM ITER =    165
 *** TIME =   9770.00         TIME INC =   60.0000      NEW TRIANG MATRIX
 *** RESPONSE EIGENVALUE = 0.1436E-04   OSCILLATION LIMIT = 0.8616E-03
 *** AUTO STEP TIME:  NEXT TIME INC =  60.000      UNCHANGED

 *** LOAD STEP     1   SUBSTEP   166  COMPLETED.    CUM ITER =    166
 *** TIME =   9830.00         TIME INC =   60.0000      NEW TRIANG MATRIX
 *** RESPONSE EIGENVALUE = 0.1425E-04   OSCILLATION LIMIT = 0.8552E-03
 *** AUTO STEP TIME:  NEXT TIME INC =  60.000      UNCHANGED

 *** LOAD STEP     1   SUBSTEP   167  COMPLETED.    CUM ITER =    167
 *** TIME =   9890.00         TIME INC =   60.0000      NEW TRIANG MATRIX
 *** RESPONSE EIGENVALUE = 0.1415E-04   OSCILLATION LIMIT = 0.8488E-03
 *** AUTO STEP TIME:  NEXT TIME INC =  60.000      UNCHANGED

 *** LOAD STEP     1   SUBSTEP   168  COMPLETED.    CUM ITER =    168
 *** TIME =   9950.00         TIME INC =   60.0000      NEW TRIANG MATRIX
 *** RESPONSE EIGENVALUE = 0.1404E-04   OSCILLATION LIMIT = 0.8425E-03
 *** AUTO STEP TIME:  NEXT TIME INC =  60.000      UNCHANGED

 *** LOAD STEP     1   SUBSTEP   169  COMPLETED.    CUM ITER =    169
 *** TIME =   10010.0         TIME INC =   60.0000      NEW TRIANG MATRIX
 *** RESPONSE EIGENVALUE = 0.1394E-04   OSCILLATION LIMIT = 0.8362E-03
 *** AUTO STEP TIME:  NEXT TIME INC =  60.000      UNCHANGED

 *** LOAD STEP     1   SUBSTEP   170  COMPLETED.    CUM ITER =    170
 *** TIME =   10070.0         TIME INC =   60.0000      NEW TRIANG MATRIX
 *** RESPONSE EIGENVALUE = 0.1383E-04   OSCILLATION LIMIT = 0.8300E-03
 *** AUTO STEP TIME:  NEXT TIME INC =  60.000      UNCHANGED

 *** LOAD STEP     1   SUBSTEP   171  COMPLETED.    CUM ITER =    171
 *** TIME =   10130.0         TIME INC =   60.0000      NEW TRIANG MATRIX
 *** RESPONSE EIGENVALUE = 0.1373E-04   OSCILLATION LIMIT = 0.8238E-03
 *** AUTO STEP TIME:  NEXT TIME INC =  60.000      UNCHANGED

 *** LOAD STEP     1   SUBSTEP   172  COMPLETED.    CUM ITER =    172
 *** TIME =   10190.0         TIME INC =   60.0000      NEW TRIANG MATRIX
 *** RESPONSE EIGENVALUE = 0.1363E-04   OSCILLATION LIMIT = 0.8177E-03
 *** AUTO STEP TIME:  NEXT TIME INC =  60.000      UNCHANGED

 *** LOAD STEP     1   SUBSTEP   173  COMPLETED.    CUM ITER =    173
 *** TIME =   10250.0         TIME INC =   60.0000      NEW TRIANG MATRIX
 *** RESPONSE EIGENVALUE = 0.1353E-04   OSCILLATION LIMIT = 0.8116E-03
 *** AUTO STEP TIME:  NEXT TIME INC =  60.000      UNCHANGED

 *** LOAD STEP     1   SUBSTEP   174  COMPLETED.    CUM ITER =    174
 *** TIME =   10310.0         TIME INC =   60.0000      NEW TRIANG MATRIX
 *** RESPONSE EIGENVALUE = 0.1343E-04   OSCILLATION LIMIT = 0.8056E-03
 *** AUTO STEP TIME:  NEXT TIME INC =  60.000      UNCHANGED

 *** LOAD STEP     1   SUBSTEP   175  COMPLETED.    CUM ITER =    175
 *** TIME =   10370.0         TIME INC =   60.0000      NEW TRIANG MATRIX
 *** RESPONSE EIGENVALUE = 0.1333E-04   OSCILLATION LIMIT = 0.7996E-03
 *** AUTO STEP TIME:  NEXT TIME INC =  60.000      UNCHANGED

 *** LOAD STEP     1   SUBSTEP   176  COMPLETED.    CUM ITER =    176
 *** TIME =   10430.0         TIME INC =   60.0000      NEW TRIANG MATRIX
 *** RESPONSE EIGENVALUE = 0.1323E-04   OSCILLATION LIMIT = 0.7937E-03
 *** AUTO STEP TIME:  NEXT TIME INC =  60.000      UNCHANGED

 *** LOAD STEP     1   SUBSTEP   177  COMPLETED.    CUM ITER =    177
 *** TIME =   10490.0         TIME INC =   60.0000      NEW TRIANG MATRIX
 *** RESPONSE EIGENVALUE = 0.1313E-04   OSCILLATION LIMIT = 0.7878E-03
 *** AUTO STEP TIME:  NEXT TIME INC =  60.000      UNCHANGED

 *** LOAD STEP     1   SUBSTEP   178  COMPLETED.    CUM ITER =    178
 *** TIME =   10550.0         TIME INC =   60.0000      NEW TRIANG MATRIX
 *** RESPONSE EIGENVALUE = 0.1303E-04   OSCILLATION LIMIT = 0.7819E-03
 *** AUTO STEP TIME:  NEXT TIME INC =  60.000      UNCHANGED

 *** LOAD STEP     1   SUBSTEP   179  COMPLETED.    CUM ITER =    179
 *** TIME =   10610.0         TIME INC =   60.0000      NEW TRIANG MATRIX
 *** RESPONSE EIGENVALUE = 0.1294E-04   OSCILLATION LIMIT = 0.7761E-03
 *** AUTO STEP TIME:  NEXT TIME INC =  60.000      UNCHANGED

 *** LOAD STEP     1   SUBSTEP   180  COMPLETED.    CUM ITER =    180
 *** TIME =   10670.0         TIME INC =   60.0000      NEW TRIANG MATRIX
 *** RESPONSE EIGENVALUE = 0.1284E-04   OSCILLATION LIMIT = 0.7704E-03
 *** AUTO STEP TIME:  NEXT TIME INC =  60.000      UNCHANGED

 *** LOAD STEP     1   SUBSTEP   181  COMPLETED.    CUM ITER =    181
 *** TIME =   10730.0         TIME INC =   60.0000      NEW TRIANG MATRIX
 *** RESPONSE EIGENVALUE = 0.1274E-04   OSCILLATION LIMIT = 0.7647E-03
 *** AUTO STEP TIME:  NEXT TIME INC =  60.000      UNCHANGED

 *** LOAD STEP     1   SUBSTEP   182  COMPLETED.    CUM ITER =    182
 *** TIME =   10790.0         TIME INC =   60.0000      NEW TRIANG MATRIX
 *** RESPONSE EIGENVALUE = 0.1265E-04   OSCILLATION LIMIT = 0.7590E-03
 *** AUTO STEP TIME:  NEXT TIME INC =  60.000      UNCHANGED

 *** LOAD STEP     1   SUBSTEP   183  COMPLETED.    CUM ITER =    183
 *** TIME =   10850.0         TIME INC =   60.0000      NEW TRIANG MATRIX
 *** RESPONSE EIGENVALUE = 0.1159E-04   OSCILLATION LIMIT = 0.6956E-03
 *** AUTO STEP TIME:  NEXT TIME INC =  60.000      UNCHANGED

 *** LOAD STEP     1   SUBSTEP   184  COMPLETED.    CUM ITER =    184
 *** TIME =   10910.0         TIME INC =   60.0000      NEW TRIANG MATRIX
 *** RESPONSE EIGENVALUE = 0.1199E-04   OSCILLATION LIMIT = 0.7194E-03
 *** AUTO STEP TIME:  NEXT TIME INC =  60.000      UNCHANGED

 *** LOAD STEP     1   SUBSTEP   185  COMPLETED.    CUM ITER =    185
 *** TIME =   10970.0         TIME INC =   60.0000      NEW TRIANG MATRIX
 *** RESPONSE EIGENVALUE = 0.1336E-04   OSCILLATION LIMIT = 0.8014E-03
 *** AUTO STEP TIME:  NEXT TIME INC =  60.000      UNCHANGED

 *** LOAD STEP     1   SUBSTEP   186  COMPLETED.    CUM ITER =    186
 *** TIME =   11030.0         TIME INC =   60.0000      NEW TRIANG MATRIX
 *** RESPONSE EIGENVALUE = 0.1546E-04   OSCILLATION LIMIT = 0.9276E-03
 *** AUTO STEP TIME:  NEXT TIME INC =  60.000      UNCHANGED

 *** LOAD STEP     1   SUBSTEP   187  COMPLETED.    CUM ITER =    187
 *** TIME =   11090.0         TIME INC =   60.0000      NEW TRIANG MATRIX
 *** RESPONSE EIGENVALUE = 0.1812E-04   OSCILLATION LIMIT = 0.1087E-02
 *** AUTO STEP TIME:  NEXT TIME INC =  60.000      UNCHANGED

 *** LOAD STEP     1   SUBSTEP   188  COMPLETED.    CUM ITER =    188
 *** TIME =   11150.0         TIME INC =   60.0000      NEW TRIANG MATRIX
 *** RESPONSE EIGENVALUE = 0.2120E-04   OSCILLATION LIMIT = 0.1272E-02
 *** AUTO STEP TIME:  NEXT TIME INC =  60.000      UNCHANGED

 *** LOAD STEP     1   SUBSTEP   189  COMPLETED.    CUM ITER =    189
 *** TIME =   11210.0         TIME INC =   60.0000      NEW TRIANG MATRIX
 *** RESPONSE EIGENVALUE = 0.2458E-04   OSCILLATION LIMIT = 0.1475E-02
 *** AUTO STEP TIME:  NEXT TIME INC =  60.000      UNCHANGED

 *** LOAD STEP     1   SUBSTEP   190  COMPLETED.    CUM ITER =    190
 *** TIME =   11270.0         TIME INC =   60.0000      NEW TRIANG MATRIX
 *** RESPONSE EIGENVALUE = 0.2815E-04   OSCILLATION LIMIT = 0.1689E-02
 *** AUTO STEP TIME:  NEXT TIME INC =  60.000      UNCHANGED

 *** LOAD STEP     1   SUBSTEP   191  COMPLETED.    CUM ITER =    191
 *** TIME =   11330.0         TIME INC =   60.0000      NEW TRIANG MATRIX
 *** RESPONSE EIGENVALUE = 0.3183E-04   OSCILLATION LIMIT = 0.1910E-02
 *** AUTO STEP TIME:  NEXT TIME INC =  60.000      UNCHANGED

 *** LOAD STEP     1   SUBSTEP   192  COMPLETED.    CUM ITER =    192
 *** TIME =   11390.0         TIME INC =   60.0000      NEW TRIANG MATRIX
 *** RESPONSE EIGENVALUE = 0.3552E-04   OSCILLATION LIMIT = 0.2131E-02
 *** AUTO STEP TIME:  NEXT TIME INC =  60.000      UNCHANGED

 *** LOAD STEP     1   SUBSTEP   193  COMPLETED.    CUM ITER =    193
 *** TIME =   11450.0         TIME INC =   60.0000      NEW TRIANG MATRIX
 *** RESPONSE EIGENVALUE = 0.3915E-04   OSCILLATION LIMIT = 0.2349E-02
 *** AUTO STEP TIME:  NEXT TIME INC =  60.000      UNCHANGED

 *** LOAD STEP     1   SUBSTEP   194  COMPLETED.    CUM ITER =    194
 *** TIME =   11510.0         TIME INC =   60.0000      NEW TRIANG MATRIX
 *** RESPONSE EIGENVALUE = 0.4267E-04   OSCILLATION LIMIT = 0.2560E-02
 *** AUTO STEP TIME:  NEXT TIME INC =  60.000      UNCHANGED

 *** LOAD STEP     1   SUBSTEP   195  COMPLETED.    CUM ITER =    195
 *** TIME =   11570.0         TIME INC =   60.0000      NEW TRIANG MATRIX
 *** RESPONSE EIGENVALUE = 0.4602E-04   OSCILLATION LIMIT = 0.2761E-02
 *** AUTO STEP TIME:  NEXT TIME INC =  60.000      UNCHANGED

 *** LOAD STEP     1   SUBSTEP   196  COMPLETED.    CUM ITER =    196
 *** TIME =   11630.0         TIME INC =   60.0000      NEW TRIANG MATRIX
 *** RESPONSE EIGENVALUE = 0.4917E-04   OSCILLATION LIMIT = 0.2950E-02
 *** AUTO STEP TIME:  NEXT TIME INC =  60.000      UNCHANGED

 *** LOAD STEP     1   SUBSTEP   197  COMPLETED.    CUM ITER =    197
 *** TIME =   11690.0         TIME INC =   60.0000      NEW TRIANG MATRIX
 *** RESPONSE EIGENVALUE = 0.5210E-04   OSCILLATION LIMIT = 0.3126E-02
 *** AUTO STEP TIME:  NEXT TIME INC =  60.000      UNCHANGED

 *** LOAD STEP     1   SUBSTEP   198  COMPLETED.    CUM ITER =    198
 *** TIME =   11750.0         TIME INC =   60.0000      NEW TRIANG MATRIX
 *** RESPONSE EIGENVALUE = 0.5477E-04   OSCILLATION LIMIT = 0.3286E-02
 *** AUTO STEP TIME:  NEXT TIME INC =  60.000      UNCHANGED

 *** LOAD STEP     1   SUBSTEP   199  COMPLETED.    CUM ITER =    199
 *** TIME =   11810.0         TIME INC =   60.0000      NEW TRIANG MATRIX
 *** RESPONSE EIGENVALUE = 0.5718E-04   OSCILLATION LIMIT = 0.3431E-02
 *** AUTO STEP TIME:  NEXT TIME INC =  60.000      UNCHANGED

 *** LOAD STEP     1   SUBSTEP   200  COMPLETED.    CUM ITER =    200
 *** TIME =   11870.0         TIME INC =   60.0000      NEW TRIANG MATRIX
 *** RESPONSE EIGENVALUE = 0.5932E-04   OSCILLATION LIMIT = 0.3559E-02
 *** AUTO STEP TIME:  NEXT TIME INC =  60.000      UNCHANGED

 *** LOAD STEP     1   SUBSTEP   201  COMPLETED.    CUM ITER =    201
 *** TIME =   11930.0         TIME INC =   60.0000      NEW TRIANG MATRIX
 *** RESPONSE EIGENVALUE = 0.6120E-04   OSCILLATION LIMIT = 0.3672E-02
 *** AUTO STEP TIME:  NEXT TIME INC =  60.000      UNCHANGED

 *** LOAD STEP     1   SUBSTEP   202  COMPLETED.    CUM ITER =    202
 *** TIME =   11990.0         TIME INC =   60.0000      NEW TRIANG MATRIX
 *** RESPONSE EIGENVALUE = 0.6282E-04   OSCILLATION LIMIT = 0.3769E-02
 *** AUTO STEP TIME:  NEXT TIME INC =  60.000      UNCHANGED

 *** LOAD STEP     1   SUBSTEP   203  COMPLETED.    CUM ITER =    203
 *** TIME =   12050.0         TIME INC =   60.0000      NEW TRIANG MATRIX
 *** RESPONSE EIGENVALUE = 0.6418E-04   OSCILLATION LIMIT = 0.3851E-02
 *** AUTO STEP TIME:  NEXT TIME INC =  60.000      UNCHANGED

 *** LOAD STEP     1   SUBSTEP   204  COMPLETED.    CUM ITER =    204
 *** TIME =   12110.0         TIME INC =   60.0000      NEW TRIANG MATRIX
 *** RESPONSE EIGENVALUE = 0.6531E-04   OSCILLATION LIMIT = 0.3918E-02
 *** AUTO STEP TIME:  NEXT TIME INC =  60.000      UNCHANGED

 *** LOAD STEP     1   SUBSTEP   205  COMPLETED.    CUM ITER =    205
 *** TIME =   12170.0         TIME INC =   60.0000      NEW TRIANG MATRIX
 *** RESPONSE EIGENVALUE = 0.6620E-04   OSCILLATION LIMIT = 0.3972E-02
 *** AUTO STEP TIME:  NEXT TIME INC =  60.000      UNCHANGED

 *** LOAD STEP     1   SUBSTEP   206  COMPLETED.    CUM ITER =    206
 *** TIME =   12230.0         TIME INC =   60.0000      NEW TRIANG MATRIX
 *** RESPONSE EIGENVALUE = 0.6689E-04   OSCILLATION LIMIT = 0.4013E-02
 *** AUTO STEP TIME:  NEXT TIME INC =  60.000      UNCHANGED

 *** LOAD STEP     1   SUBSTEP   207  COMPLETED.    CUM ITER =    207
 *** TIME =   12290.0         TIME INC =   60.0000      NEW TRIANG MATRIX
 *** RESPONSE EIGENVALUE = 0.6737E-04   OSCILLATION LIMIT = 0.4042E-02
 *** AUTO STEP TIME:  NEXT TIME INC =  60.000      UNCHANGED

 *** LOAD STEP     1   SUBSTEP   208  COMPLETED.    CUM ITER =    208
 *** TIME =   12350.0         TIME INC =   60.0000      NEW TRIANG MATRIX
 *** RESPONSE EIGENVALUE = 0.6768E-04   OSCILLATION LIMIT = 0.4061E-02
 *** AUTO STEP TIME:  NEXT TIME INC =  60.000      UNCHANGED

 *** LOAD STEP     1   SUBSTEP   209  COMPLETED.    CUM ITER =    209
 *** TIME =   12410.0         TIME INC =   60.0000      NEW TRIANG MATRIX
 *** RESPONSE EIGENVALUE = 0.6782E-04   OSCILLATION LIMIT = 0.4069E-02
 *** AUTO STEP TIME:  NEXT TIME INC =  60.000      UNCHANGED

 *** LOAD STEP     1   SUBSTEP   210  COMPLETED.    CUM ITER =    210
 *** TIME =   12470.0         TIME INC =   60.0000      NEW TRIANG MATRIX
 *** RESPONSE EIGENVALUE = 0.6781E-04   OSCILLATION LIMIT = 0.4069E-02
 *** AUTO STEP TIME:  NEXT TIME INC =  60.000      UNCHANGED

 *** LOAD STEP     1   SUBSTEP   211  COMPLETED.    CUM ITER =    211
 *** TIME =   12530.0         TIME INC =   60.0000      NEW TRIANG MATRIX
 *** RESPONSE EIGENVALUE = 0.6767E-04   OSCILLATION LIMIT = 0.4060E-02
 *** AUTO STEP TIME:  NEXT TIME INC =  60.000      UNCHANGED

 *** LOAD STEP     1   SUBSTEP   212  COMPLETED.    CUM ITER =    212
 *** TIME =   12590.0         TIME INC =   60.0000      NEW TRIANG MATRIX
 *** RESPONSE EIGENVALUE = 0.6741E-04   OSCILLATION LIMIT = 0.4045E-02
 *** AUTO STEP TIME:  NEXT TIME INC =  60.000      UNCHANGED

 *** LOAD STEP     1   SUBSTEP   213  COMPLETED.    CUM ITER =    213
 *** TIME =   12650.0         TIME INC =   60.0000      NEW TRIANG MATRIX
 *** RESPONSE EIGENVALUE = 0.6705E-04   OSCILLATION LIMIT = 0.4023E-02
 *** AUTO STEP TIME:  NEXT TIME INC =  60.000      UNCHANGED

 *** LOAD STEP     1   SUBSTEP   214  COMPLETED.    CUM ITER =    214
 *** TIME =   12710.0         TIME INC =   60.0000      NEW TRIANG MATRIX
 *** RESPONSE EIGENVALUE = 0.6660E-04   OSCILLATION LIMIT = 0.3996E-02
 *** AUTO STEP TIME:  NEXT TIME INC =  60.000      UNCHANGED

 *** LOAD STEP     1   SUBSTEP   215  COMPLETED.    CUM ITER =    215
 *** TIME =   12770.0         TIME INC =   60.0000      NEW TRIANG MATRIX
 *** RESPONSE EIGENVALUE = 0.6608E-04   OSCILLATION LIMIT = 0.3965E-02
 *** AUTO STEP TIME:  NEXT TIME INC =  60.000      UNCHANGED

 *** LOAD STEP     1   SUBSTEP   216  COMPLETED.    CUM ITER =    216
 *** TIME =   12830.0         TIME INC =   60.0000      NEW TRIANG MATRIX
 *** RESPONSE EIGENVALUE = 0.6548E-04   OSCILLATION LIMIT = 0.3929E-02
 *** AUTO STEP TIME:  NEXT TIME INC =  60.000      UNCHANGED

 *** LOAD STEP     1   SUBSTEP   217  COMPLETED.    CUM ITER =    217
 *** TIME =   12890.0         TIME INC =   60.0000      NEW TRIANG MATRIX
 *** RESPONSE EIGENVALUE = 0.6484E-04   OSCILLATION LIMIT = 0.3890E-02
 *** AUTO STEP TIME:  NEXT TIME INC =  60.000      UNCHANGED

 *** LOAD STEP     1   SUBSTEP   218  COMPLETED.    CUM ITER =    218
 *** TIME =   12950.0         TIME INC =   60.0000      NEW TRIANG MATRIX
 *** RESPONSE EIGENVALUE = 0.6415E-04   OSCILLATION LIMIT = 0.3849E-02
 *** AUTO STEP TIME:  NEXT TIME INC =  60.000      UNCHANGED

 *** LOAD STEP     1   SUBSTEP   219  COMPLETED.    CUM ITER =    219
 *** TIME =   13010.0         TIME INC =   60.0000      NEW TRIANG MATRIX
 *** RESPONSE EIGENVALUE = 0.6342E-04   OSCILLATION LIMIT = 0.3805E-02
 *** AUTO STEP TIME:  NEXT TIME INC =  60.000      UNCHANGED

 *** LOAD STEP     1   SUBSTEP   220  COMPLETED.    CUM ITER =    220
 *** TIME =   13070.0         TIME INC =   60.0000      NEW TRIANG MATRIX
 *** RESPONSE EIGENVALUE = 0.6267E-04   OSCILLATION LIMIT = 0.3760E-02
 *** AUTO STEP TIME:  NEXT TIME INC =  60.000      UNCHANGED

 *** LOAD STEP     1   SUBSTEP   221  COMPLETED.    CUM ITER =    221
 *** TIME =   13130.0         TIME INC =   60.0000      NEW TRIANG MATRIX
 *** RESPONSE EIGENVALUE = 0.6190E-04   OSCILLATION LIMIT = 0.3714E-02
 *** AUTO STEP TIME:  NEXT TIME INC =  60.000      UNCHANGED

 *** LOAD STEP     1   SUBSTEP   222  COMPLETED.    CUM ITER =    222
 *** TIME =   13190.0         TIME INC =   60.0000      NEW TRIANG MATRIX
 *** RESPONSE EIGENVALUE = 0.6112E-04   OSCILLATION LIMIT = 0.3667E-02
 *** AUTO STEP TIME:  NEXT TIME INC =  60.000      UNCHANGED

 *** LOAD STEP     1   SUBSTEP   223  COMPLETED.    CUM ITER =    223
 *** TIME =   13250.0         TIME INC =   60.0000      NEW TRIANG MATRIX
 *** RESPONSE EIGENVALUE = 0.6033E-04   OSCILLATION LIMIT = 0.3620E-02
 *** AUTO STEP TIME:  NEXT TIME INC =  60.000      UNCHANGED

 *** LOAD STEP     1   SUBSTEP   224  COMPLETED.    CUM ITER =    224
 *** TIME =   13310.0         TIME INC =   60.0000      NEW TRIANG MATRIX
 *** RESPONSE EIGENVALUE = 0.5954E-04   OSCILLATION LIMIT = 0.3572E-02
 *** AUTO STEP TIME:  NEXT TIME INC =  60.000      UNCHANGED

 *** LOAD STEP     1   SUBSTEP   225  COMPLETED.    CUM ITER =    225
 *** TIME =   13370.0         TIME INC =   60.0000      NEW TRIANG MATRIX
 *** RESPONSE EIGENVALUE = 0.5875E-04   OSCILLATION LIMIT = 0.3525E-02
 *** AUTO STEP TIME:  NEXT TIME INC =  60.000      UNCHANGED

 *** LOAD STEP     1   SUBSTEP   226  COMPLETED.    CUM ITER =    226
 *** TIME =   13430.0         TIME INC =   60.0000      NEW TRIANG MATRIX
 *** RESPONSE EIGENVALUE = 0.5797E-04   OSCILLATION LIMIT = 0.3478E-02
 *** AUTO STEP TIME:  NEXT TIME INC =  60.000      UNCHANGED

 *** LOAD STEP     1   SUBSTEP   227  COMPLETED.    CUM ITER =    227
 *** TIME =   13490.0         TIME INC =   60.0000      NEW TRIANG MATRIX
 *** RESPONSE EIGENVALUE = 0.5720E-04   OSCILLATION LIMIT = 0.3432E-02
 *** AUTO STEP TIME:  NEXT TIME INC =  60.000      UNCHANGED

 *** LOAD STEP     1   SUBSTEP   228  COMPLETED.    CUM ITER =    228
 *** TIME =   13550.0         TIME INC =   60.0000      NEW TRIANG MATRIX
 *** RESPONSE EIGENVALUE = 0.5645E-04   OSCILLATION LIMIT = 0.3387E-02
 *** AUTO STEP TIME:  NEXT TIME INC =  60.000      UNCHANGED

 *** LOAD STEP     1   SUBSTEP   229  COMPLETED.    CUM ITER =    229
 *** TIME =   13610.0         TIME INC =   60.0000      NEW TRIANG MATRIX
 *** RESPONSE EIGENVALUE = 0.5571E-04   OSCILLATION LIMIT = 0.3343E-02
 *** AUTO STEP TIME:  NEXT TIME INC =  60.000      UNCHANGED

 *** LOAD STEP     1   SUBSTEP   230  COMPLETED.    CUM ITER =    230
 *** TIME =   13670.0         TIME INC =   60.0000      NEW TRIANG MATRIX
 *** RESPONSE EIGENVALUE = 0.5499E-04   OSCILLATION LIMIT = 0.3299E-02
 *** AUTO STEP TIME:  NEXT TIME INC =  60.000      UNCHANGED

 *** LOAD STEP     1   SUBSTEP   231  COMPLETED.    CUM ITER =    231
 *** TIME =   13730.0         TIME INC =   60.0000      NEW TRIANG MATRIX
 *** RESPONSE EIGENVALUE = 0.5429E-04   OSCILLATION LIMIT = 0.3257E-02
 *** AUTO STEP TIME:  NEXT TIME INC =  60.000      UNCHANGED

 *** LOAD STEP     1   SUBSTEP   232  COMPLETED.    CUM ITER =    232
 *** TIME =   13790.0         TIME INC =   60.0000      NEW TRIANG MATRIX
 *** RESPONSE EIGENVALUE = 0.5361E-04   OSCILLATION LIMIT = 0.3217E-02
 *** AUTO STEP TIME:  NEXT TIME INC =  60.000      UNCHANGED

 *** LOAD STEP     1   SUBSTEP   233  COMPLETED.    CUM ITER =    233
 *** TIME =   13850.0         TIME INC =   60.0000      NEW TRIANG MATRIX
 *** RESPONSE EIGENVALUE = 0.5295E-04   OSCILLATION LIMIT = 0.3177E-02
 *** AUTO STEP TIME:  NEXT TIME INC =  60.000      UNCHANGED

 *** LOAD STEP     1   SUBSTEP   234  COMPLETED.    CUM ITER =    234
 *** TIME =   13910.0         TIME INC =   60.0000      NEW TRIANG MATRIX
 *** RESPONSE EIGENVALUE = 0.5232E-04   OSCILLATION LIMIT = 0.3139E-02
 *** AUTO STEP TIME:  NEXT TIME INC =  60.000      UNCHANGED

 *** LOAD STEP     1   SUBSTEP   235  COMPLETED.    CUM ITER =    235
 *** TIME =   13970.0         TIME INC =   60.0000      NEW TRIANG MATRIX
 *** RESPONSE EIGENVALUE = 0.5171E-04   OSCILLATION LIMIT = 0.3103E-02
 *** AUTO STEP TIME:  NEXT TIME INC =  60.000      UNCHANGED

 *** LOAD STEP     1   SUBSTEP   236  COMPLETED.    CUM ITER =    236
 *** TIME =   14030.0         TIME INC =   60.0000      NEW TRIANG MATRIX
 *** RESPONSE EIGENVALUE = 0.5113E-04   OSCILLATION LIMIT = 0.3068E-02
 *** AUTO STEP TIME:  NEXT TIME INC =  60.000      UNCHANGED

 *** LOAD STEP     1   SUBSTEP   237  COMPLETED.    CUM ITER =    237
 *** TIME =   14090.0         TIME INC =   60.0000      NEW TRIANG MATRIX
 *** RESPONSE EIGENVALUE = 0.5057E-04   OSCILLATION LIMIT = 0.3034E-02
 *** AUTO STEP TIME:  NEXT TIME INC =  60.000      UNCHANGED

 *** LOAD STEP     1   SUBSTEP   238  COMPLETED.    CUM ITER =    238
 *** TIME =   14150.0         TIME INC =   60.0000      NEW TRIANG MATRIX
 *** RESPONSE EIGENVALUE = 0.5004E-04   OSCILLATION LIMIT = 0.3002E-02
 *** AUTO STEP TIME:  NEXT TIME INC =  60.000      UNCHANGED

 *** LOAD STEP     1   SUBSTEP   239  COMPLETED.    CUM ITER =    239
 *** TIME =   14210.0         TIME INC =   60.0000      NEW TRIANG MATRIX
 *** RESPONSE EIGENVALUE = 0.4952E-04   OSCILLATION LIMIT = 0.2971E-02
 *** AUTO STEP TIME:  NEXT TIME INC =  60.000      UNCHANGED

 *** LOAD STEP     1   SUBSTEP   240  COMPLETED.    CUM ITER =    240
 *** TIME =   14270.0         TIME INC =   60.0000      NEW TRIANG MATRIX
 *** RESPONSE EIGENVALUE = 0.4904E-04   OSCILLATION LIMIT = 0.2942E-02
 *** AUTO STEP TIME:  NEXT TIME INC =  60.000      UNCHANGED

 *** LOAD STEP     1   SUBSTEP   241  COMPLETED.    CUM ITER =    241
 *** TIME =   14330.0         TIME INC =   60.0000      NEW TRIANG MATRIX
 *** RESPONSE EIGENVALUE = 0.4858E-04   OSCILLATION LIMIT = 0.2915E-02
 *** AUTO TIME STEP:  NEXT TIME INC =  35.000      DECREASED (FACTOR = 0.5833)

 *** LOAD STEP     1   SUBSTEP   242  COMPLETED.    CUM ITER =    242
 *** TIME =   14365.0         TIME INC =   35.0000      NEW TRIANG MATRIX
 *** RESPONSE EIGENVALUE = 0.4832E-04   OSCILLATION LIMIT = 0.1691E-02
 *** AUTO STEP TIME:  NEXT TIME INC =  35.000      UNCHANGED

 *** LOAD STEP     1   SUBSTEP   243  COMPLETED.    CUM ITER =    243
 *** TIME =   14400.0         TIME INC =   35.0000      NEW TRIANG MATRIX
 *** RESPONSE EIGENVALUE = 0.4807E-04   OSCILLATION LIMIT = 0.1682E-02


 *** MAPDL BINARY FILE STATISTICS
  BUFFER SIZE USED= 16384
        1.688 MB WRITTEN ON ELEMENT SAVED DATA FILE: file0.esav
        5.938 MB WRITTEN ON ASSEMBLED MATRIX FILE: file0.full
      545.938 MB WRITTEN ON RESULTS FILE: file0.rth
 *************** Write FE CONNECTORS *********

 WRITE OUT CONSTRAINT EQUATIONS TO FILE= file.ce                                                                                                                                                                                                                                                             
 ****************************************************
 *************** FINISHED SOLVE FOR LS 1 *************

 FINISH SOLUTION PROCESSING


 ***** ROUTINE COMPLETED *****  ELAPSED TIME =       228.718



 *GET  _WALLASOL  FROM  ACTI  ITEM=TIME WALL  VALUE= 0.635329477E-01

 *** MAPDL - ENGINEERING ANALYSIS SYSTEM  RELEASE 2026 R1          26.1     ***
 Ansys Mechanical Enterprise Academic Student      
 01055371  VERSION=WINDOWS x64   05:19:14  AUG 23, 2026 Elapsed Time=    228.724

 sim1--Transient Thermal                                                       



          ***** MAPDL RESULTS INTERPRETATION (POST1) *****

 *** NOTE ***                            ELAPSED TIME =     228.724   TIME= 05:19:14
 Reading results into the database (SET command) will update the current 
 displacement and force boundary conditions in the database with the     
 values from the results file for that load set.  Note that any          
 subsequent solutions will use these values unless action is taken to    
 either SAVE the current values or not overwrite them (/EXIT,NOSAVE).    

 Set Encoding of XML File to:ISO-8859-1

 Set Output of XML File to:
     PARM,     ,     ,     ,     ,     ,     ,     ,     ,     ,     ,     ,
         ,     ,     ,     ,     ,     ,     ,

 DATABASE WRITTEN ON FILE  parm.xml                                                                                                                                                                                                                                                            

 EXIT THE MAPDL POST1 DATABASE PROCESSOR


 ***** ROUTINE COMPLETED *****  ELAPSED TIME =       228.725



 PRINTOUT RESUMED BY /GOP

 *GET  _WALLDONE  FROM  ACTI  ITEM=TIME WALL  VALUE= 0.635349659E-01

 PARAMETER _PREPTIME =    0.4042265000    

 PARAMETER _SOLVTIME =     222.8928098    

 PARAMETER _POSTTIME =    0.7265500000E-02

 PARAMETER _TOTALTIM =     223.3043018    

 *GET  _DLBRATIO  FROM  ACTI  ITEM=SOLU DLBR  VALUE=  1.13408318    

 *GET  _COMBTIME  FROM  ACTI  ITEM=SOLU COMB  VALUE=  21.7760912    

 *GET  _SSMODE   FROM  ACTI  ITEM=SOLU SSMM  VALUE=  2.00000000    

 *GET  _NDOFS    FROM  ACTI  ITEM=SOLU NDOF  VALUE=  85109.0000    

 /FCLEAN COMMAND REMOVING ALL LOCAL FILES
 --- Total number of nodes = 85109
 --- Total number of elements = 49435
 --- Element load balance ratio = 1.13408318
 --- Time to combine distributed files = 21.7760912
 --- Sparse memory mode = 2
 --- Number of DOF = 85109

 EXIT MAPDL WITHOUT SAVING DATABASE


 NUMBER OF WARNING MESSAGES ENCOUNTERED=          3
 NUMBER OF ERROR   MESSAGES ENCOUNTERED=          0

+--------------------- M A P D L   S T A T I S T I C S ------------------------+

Release: 2026 R1            Build: 26.1       Update: UP20260202   Platform: WINDOWS x64 
Date Run: 08/23/2026   Time: 05:19     Process ID: 6468
Operating System: Windows 11  (Build: 26200)

Processor Model: AMD Ryzen 7 250 w/ Radeon 780M Graphics

Compiler: Intel(R) Fortran Compiler Classic Version 2021.9  (Build: 20230302)
          Intel(R) C/C++ Compiler Classic Version 2021.9  (Build: 20230302)
          AOCL-BLAS 5.1.1 Build 20251008
          Intel(R) oneAPI Math Kernel Library Version 2024.2.3-Product Build 20250403

Number of machines requested            :    1
Total number of cores available         :   16
Number of physical cores available      :    8
Number of processes requested           :    4
Number of threads per process requested :    1
Total number of cores requested         :    4 (Distributed Memory Parallel)               
MPI Type: INTELMPI
MPI Version: Intel(R) MPI Library 2021.16 for Windows* OS


GPU Acceleration: Not Requested

Job Name: file0
Input File: dummy.dat

  Core                Machine Name   Working Directory
 -----------------------------------------------------
     0               SrajanKaLappy   C:\Users\Srajan\_ProjectScratch\Scr94C5
     1               SrajanKaLappy   C:\Users\Srajan\_ProjectScratch\Scr94C5
     2               SrajanKaLappy   C:\Users\Srajan\_ProjectScratch\Scr94C5
     3               SrajanKaLappy   C:\Users\Srajan\_ProjectScratch\Scr94C5
 
Latency time from master to core     1 =   11.693 microseconds
Latency time from master to core     2 =    9.271 microseconds
Latency time from master to core     3 =    9.217 microseconds
 
Communication speed from master to core     1 =  7591.72 MB/sec
Communication speed from master to core     2 =  8951.85 MB/sec
Communication speed from master to core     3 =  9482.49 MB/sec

Total CPU time for main thread                    :      217.2 seconds
Total CPU time summed for all threads             :      221.5 seconds

Elapsed time spent obtaining a license            :        0.6 seconds
Elapsed time spent pre-processing model (/PREP7)  :        0.4 seconds
Elapsed time spent solution - preprocessing       :        0.5 seconds
Elapsed time spent computing solution             :      200.1 seconds
   Elapsed time in element formation & assembly   :       19.3 seconds
   Elapsed time in equation solver                :       75.0 seconds
   Elapsed time in element result calculations    :      102.0 seconds
Elapsed time spent solution - postprocessing      :       21.8 seconds
Elapsed time spent post-processing model (/POST1) :        0.0 seconds
 
Equation solver used                              :            Sparse (symmetric)
Sparse direct equation solver computational rate  :       20.5 Gflops
Sparse direct equation solver effective I/O rate  :        9.3 GB/sec

Sum of disk space used on all processes           :     3362.8 MB

Sum of memory used on all processes               :      863.0 MB
Sum of memory allocated on all processes          :     3168.0 MB
Physical memory available                         :         23 GB
Total amount of I/O written to disk               :        4.5 GB
Total amount of I/O read from disk                :        1.4 GB

+------------------ E N D   M A P D L   S T A T I S T I C S -------------------+


 *-----------------------------------------------------------------------------*
 |                                                                             |
 |                               RUN COMPLETED                                 |
 |                                                                             |
 |-----------------------------------------------------------------------------|
 |                                                                             |
 |  Ansys MAPDL 2026 R1         Build 26.1         UP20260202    WINDOWS x64   |
 |                                                                             |
 |-----------------------------------------------------------------------------|
 |                                                                             |
 |  Database Requested(-db)     1024 MB     Scratch Memory Requested   1024 MB |
 |  Max Database Used(Master)     60 MB     Max Scratch Used(Master)    220 MB |
 |  Max Database Used(Workers)     1 MB     Max Scratch Used(Workers)   199 MB |
 |  Sum Database Used(All)        63 MB     Sum Scratch Used(All)       800 MB |
 |                                                                             |
 |-----------------------------------------------------------------------------|
 |                                                                             |
 |        CP Time      (sec) =        221.484       Time  =  05:19:25          |
 |        Elapsed Time (sec) =        240.110       Date  =  08/23/2026        |
 |                                                                             |
 *-----------------------------------------------------------------------------*
